 IBXXXX00

 Timestamp is 63ecaa79 (Wed Feb 15 18:48:41 2023)

 Preferred load address is 10000000

 Start         Length     Name                   Class
 0001:00000000 00000060H .text$di                CODE
 0001:00000060 0001cf30H .text$mn                CODE
 0001:0001cf90 00003080H .text$x                 CODE
 0001:00020010 00000023H .text$yd                CODE
 0002:00000000 0000053cH .idata$5                DATA
 0002:0000053c 00000004H .00cfg                  DATA
 0002:00000540 00000004H .CRT$XCA                DATA
 0002:00000544 00000008H .CRT$XCL                DATA
 0002:0000054c 00000004H .CRT$XCU                DATA
 0002:00000550 00000004H .CRT$XCZ                DATA
 0002:00000554 00000004H .CRT$XIA                DATA
 0002:00000558 00000004H .CRT$XIC                DATA
 0002:0000055c 00000004H .CRT$XIZ                DATA
 0002:00000560 00000004H .CRT$XLA                DATA
 0002:00000564 00000004H .CRT$XLZ                DATA
 0002:00000568 00000004H .CRT$XPA                DATA
 0002:0000056c 00000004H .CRT$XPZ                DATA
 0002:00000570 00000004H .CRT$XTA                DATA
 0002:00000574 00000004H .CRT$XTZ                DATA
 0002:00000578 00000000H .gfids$y                DATA
 0002:00000578 00001d48H .rdata                  DATA
 0002:000022c0 00000000H .rdata$CastGuardVftablesA DATA
 0002:000022c0 00000000H .rdata$CastGuardVftablesC DATA
 0002:000022c0 00000018H .rdata$T                DATA
 0002:000022d8 0000057cH .rdata$r                DATA
 0002:00002854 000001a0H .rdata$sxdata           DATA
 0002:000029f4 000002d4H .rdata$voltmd           DATA
 0002:00002cc8 0000035cH .rdata$zzzdbg           DATA
 0002:00003024 00000004H .rtc$IAA                DATA
 0002:00003028 00000004H .rtc$IZZ                DATA
 0002:0000302c 00000004H .rtc$TAA                DATA
 0002:00003030 00000004H .rtc$TZZ                DATA
 0002:00003034 00000004H .tls                    DATA
 0002:00003038 00000004H .tls$                   DATA
 0002:0000303c 00000004H .tls$ZZZ                DATA
 0002:00003040 000028b0H .xdata$x                DATA
 0002:000058ec 00000000H ATL$__a                 DATA
 0002:000058ec 00000000H ATL$__z                 DATA
 0002:000058f0 00000048H .edata                  DATA
 0002:00005938 00000104H .idata$2                DATA
 0002:00005a3c 00000014H .idata$3                DATA
 0002:00005a50 0000053cH .idata$4                DATA
 0002:00005f8c 0000070eH .idata$6                DATA
 0003:00000000 00000028H .data                   DATA
 0003:00000028 00000080H .data$r                 DATA
 0003:000000a8 00000218H .data$rs                DATA
 0003:000002c0 00000578H .bss                    DATA
 0004:00000000 000000a0H .rsrc$01                DATA
 0004:000000a0 00000560H .rsrc$02                DATA

  Address         Publics by Value              Rva+Base       Lib:Object

 0000:00000000       ___guard_eh_cont_count     00000000     <absolute>
 0000:00000000       ___arm64x_extra_rfe_table  00000000     <absolute>
 0000:00000000       ___guard_longjmp_table     00000000     <absolute>
 0000:00000000       ___hybrid_code_map_count   00000000     <absolute>
 0000:00000000       ___x64_code_ranges_to_entry_points 00000000     <absolute>
 0000:00000000       ___arm64x_native_entrypoint 00000000     <absolute>
 0000:00000000       ___guard_fids_count        00000000     <absolute>
 0000:00000000       ___guard_eh_cont_table     00000000     <absolute>
 0000:00000000       ___hybrid_code_map         00000000     <absolute>
 0000:00000000       ___guard_iat_count         00000000     <absolute>
 0000:00000000       ___arm64x_extra_rfe_table_size 00000000     <absolute>
 0000:00000000       ___arm64x_redirection_metadata 00000000     <absolute>
 0000:00000000       ___x64_code_ranges_to_entry_points_count 00000000     <absolute>
 0000:00000000       ___hybrid_auxiliary_iat_copy 00000000     <absolute>
 0000:00000000       ___guard_iat_table         00000000     <absolute>
 0000:00000000       ___hybrid_auxiliary_iat    00000000     <absolute>
 0000:00000000       ___dynamic_value_reloc_table 00000000     <absolute>
 0000:00000000       ___guard_longjmp_count     00000000     <absolute>
 0000:00000000       ___guard_check_icall_a64n_fptr 00000000     <absolute>
 0000:00000000       ___arm64x_redirection_metadata_count 00000000     <absolute>
 0000:00000000       ___AbsoluteZero            00000000     <absolute>
 0000:00000000       ___enclave_config          00000000     <absolute>
 0000:00000000       ___guard_fids_table        00000000     <absolute>
 0000:0000002c       __tls_array                0000002c     <absolute>
 0000:00000068       ___safe_se_handler_count   00000068     <absolute>
 0000:00000100       ___guard_flags             00000100     <absolute>
 0000:00000000       ___ImageBase               10000000     <linker-defined>
 0001:00000060       ??0CIBXXXX02App@@QAE@XZ    10001060 f   IBXXXX02.obj
 0001:00000090       ?GetThisMessageMap@CIBXXXX02App@@KGPBUAFX_MSGMAP@@XZ 10001090 f   IBXXXX02.obj
 0001:000000a0       ?GetMessageMap@CIBXXXX02App@@MBEPBUAFX_MSGMAP@@XZ 100010a0 f   IBXXXX02.obj
 0001:000000b0       ??1CIBXXXX02App@@UAE@XZ    100010b0 f i IBXXXX02.obj
 0001:000000d0       ??3CObject@@SGXPAX@Z       100010d0 f i IBXXXX02.obj
 0001:000000f0       ??_GCIBXXXX02App@@UAEPAXI@Z 100010f0 f i IBXXXX02.obj
 0001:000000f0       ??_ECIBXXXX02App@@UAEPAXI@Z 100010f0 f i IBXXXX02.obj
 0001:00000140       ?AssertValid@CObject@@UBEXXZ 10001140 f i IBXXXX02.obj
 0001:00000140       ?_Orphan_all@_Container_base0@std@@QAEXXZ 10001140 f i MapWnd.obj
 0001:00000140       ??1CObject@@UAE@XZ         10001140 f i Remain.obj
 0001:00000150       ?DoDataExchange@CWnd@@MAEXPAVCDataExchange@@@Z 10001150 f i MapWnd.obj
 0001:00000150       ?Dump@CObject@@UBEXAAVCDumpContext@@@Z 10001150 f i IBXXXX02.obj
 0001:00000150       ?_Alloc_proxy@_Container_base0@std@@QAEXABU_Fake_allocator@2@@Z 10001150 f i MapWnd.obj
 0001:00000150       ?Serialize@CObject@@UAEXAAVCArchive@@@Z 10001150 f i IBXXXX02.obj
 0001:00000160       ?GetApplicationRestartFlags@CWinApp@@UAEKXZ 10001160 f i IBXXXX02.obj
 0001:00000160       ?GetApplicationRecoveryParameter@CWinApp@@UAEPAXXZ 10001160 f i IBXXXX02.obj
 0001:00000170       ?GetApplicationRecoveryPingInterval@CWinApp@@UAEKXZ 10001170 f i IBXXXX02.obj
 0001:00000180       ?ReopenPreviousFilesAtRestart@CWinApp@@UBEHXZ 10001180 f i IBXXXX02.obj
 0001:000001a0       ?RestoreAutosavedFilesAtRestart@CWinApp@@UBEHXZ 100011a0 f i IBXXXX02.obj
 0001:000001c0       ?SupportsApplicationRecovery@CWinApp@@UBEHXZ 100011c0 f i IBXXXX02.obj
 0001:000001e0       ?SupportsAutosaveAtInterval@CWinApp@@UBEHXZ 100011e0 f i IBXXXX02.obj
 0001:00000200       ?SupportsAutosaveAtRestart@CWinApp@@UBEHXZ 10001200 f i IBXXXX02.obj
 0001:00000220       ?SupportsRestartManager@CWinApp@@UBEHXZ 10001220 f i IBXXXX02.obj
 0001:00000240       ?__empty_global_delete@@YAXPAXI@Z 10001240 f i IBXXXX02.obj
 0001:00000240       ?__global_delete@@YAXPAXI@Z 10001240 f i IBXXXX02.obj
 0001:00000250       ?axCreate@@YGPAVCWnd@@PAV1@@Z 10001250 f   libmap.obj
 0001:00000310       ??$?0AAPAD@?$_Compressed_pair@U?$default_delete@$$BY0A@D@std@@PAD$00@std@@QAE@U_Zero_then_variadic_args_t@1@AAPAD@Z 10001310 f i MapWnd.obj
 0001:00000310       ??$?0AAPAVCAccn@@@?$_Compressed_pair@U?$default_delete@VCAccn@@@std@@PAVCAccn@@$00@std@@QAE@U_Zero_then_variadic_args_t@1@AAPAVCAccn@@@Z 10001310 f i MapWnd.obj
 0001:00000310       ??$?0AAPAVCShMemory@@@?$_Compressed_pair@U?$default_delete@VCShMemory@@@std@@PAVCShMemory@@$00@std@@QAE@U_Zero_then_variadic_args_t@1@AAPAVCShMemory@@@Z 10001310 f i MapWnd.obj
 0001:00000310       ??$?0AAPAVCMapWnd@@@?$_Compressed_pair@U?$default_delete@VCMapWnd@@@std@@PAVCMapWnd@@$00@std@@QAE@U_Zero_then_variadic_args_t@1@AAPAVCMapWnd@@@Z 10001310 f i libmap.obj
 0001:00000310       ??$?0AAPAVCWnd@@@?$_Compressed_pair@U?$default_delete@VCWnd@@@std@@PAVCWnd@@$00@std@@QAE@U_Zero_then_variadic_args_t@1@AAPAVCWnd@@@Z 10001310 f i MapWnd.obj
 0001:00000340       ??$?0U?$default_delete@VCMapWnd@@@std@@$0A@@?$unique_ptr@VCMapWnd@@U?$default_delete@VCMapWnd@@@std@@@std@@QAE@PAVCMapWnd@@@Z 10001340 f i libmap.obj
 0001:00000340       ??$?0U?$default_delete@VCShMemory@@@std@@$0A@@?$unique_ptr@VCShMemory@@U?$default_delete@VCShMemory@@@std@@@std@@QAE@PAVCShMemory@@@Z 10001340 f i MapWnd.obj
 0001:00000340       ??$?0U?$default_delete@VCAccn@@@std@@$0A@@?$unique_ptr@VCAccn@@U?$default_delete@VCAccn@@@std@@@std@@QAE@PAVCAccn@@@Z 10001340 f i MapWnd.obj
 0001:00000340       ??$?0U?$default_delete@VCWnd@@@std@@$0A@@?$unique_ptr@VCWnd@@U?$default_delete@VCWnd@@@std@@@std@@QAE@PAVCWnd@@@Z 10001340 f i MapWnd.obj
 0001:00000340       ??$?0PADU?$default_delete@$$BY0A@D@std@@$0A@X@?$unique_ptr@$$BY0A@DU?$default_delete@$$BY0A@D@std@@@std@@QAE@PAD@Z 10001340 f i MapWnd.obj
 0001:00000370       ??$exchange@PAVCShMemory@@$$T@std@@YAPAVCShMemory@@AAPAV1@$$QA$$T@Z 10001370 f i MapWnd.obj
 0001:00000370       ??$exchange@PADAAPAD@std@@YAPADAAPAD0@Z 10001370 f i MapWnd.obj
 0001:00000370       ??$exchange@PAVCWnd@@$$T@std@@YAPAVCWnd@@AAPAV1@$$QA$$T@Z 10001370 f i MapWnd.obj
 0001:00000370       ??$exchange@PAVCWnd@@AAPAV1@@std@@YAPAVCWnd@@AAPAV1@0@Z 10001370 f i MapWnd.obj
 0001:00000370       ??$exchange@PAVCAccn@@$$T@std@@YAPAVCAccn@@AAPAV1@$$QA$$T@Z 10001370 f i MapWnd.obj
 0001:00000370       ??$exchange@PAD$$T@std@@YAPADAAPAD$$QA$$T@Z 10001370 f i MapWnd.obj
 0001:00000370       ??$exchange@PAVCMapWnd@@$$T@std@@YAPAVCMapWnd@@AAPAV1@$$QA$$T@Z 10001370 f i libmap.obj
 0001:00000370       ??$exchange@PAVCShMemory@@AAPAV1@@std@@YAPAVCShMemory@@AAPAV1@0@Z 10001370 f i MapWnd.obj
 0001:00000390       ??$forward@PAVCAccn@@@std@@YA$$QAPAVCAccn@@AAPAV1@@Z 10001390 f i MapWnd.obj
 0001:00000390       ??$forward@AAPAD@std@@YAAAPADAAPAD@Z 10001390 f i MapWnd.obj
 0001:00000390       ??$move@AAV?$unique_ptr@VCAccn@@U?$default_delete@VCAccn@@@std@@@std@@@std@@YA$$QAV?$unique_ptr@VCAccn@@U?$default_delete@VCAccn@@@std@@@0@AAV10@@Z 10001390 f i MapWnd.obj
 0001:00000390       ??$addressof@V?$unique_ptr@VCShMemory@@U?$default_delete@VCShMemory@@@std@@@std@@@std@@YAPAV?$unique_ptr@VCShMemory@@U?$default_delete@VCShMemory@@@std@@@0@AAV10@@Z 10001390 f i MapWnd.obj
 0001:00000390       ??$forward@AAPAVCShMemory@@@std@@YAAAPAVCShMemory@@AAPAV1@@Z 10001390 f i MapWnd.obj
 0001:00000390       ??$move@AAU?$default_delete@$$BY0A@D@std@@@std@@YA$$QAU?$default_delete@$$BY0A@D@0@AAU10@@Z 10001390 f i MapWnd.obj
 0001:00000390       ??$forward@V?$unique_ptr@VCAccn@@U?$default_delete@VCAccn@@@std@@@std@@@std@@YA$$QAV?$unique_ptr@VCAccn@@U?$default_delete@VCAccn@@@std@@@0@AAV10@@Z 10001390 f i MapWnd.obj
 0001:00000390       ??$_Unfancy@V?$unique_ptr@VCAccn@@U?$default_delete@VCAccn@@@std@@@std@@@std@@YAPAV?$unique_ptr@VCAccn@@U?$default_delete@VCAccn@@@std@@@0@PAV10@@Z 10001390 f i MapWnd.obj
 0001:00000390       ??$addressof@V?$unique_ptr@VCWnd@@U?$default_delete@VCWnd@@@std@@@std@@@std@@YAPAV?$unique_ptr@VCWnd@@U?$default_delete@VCWnd@@@std@@@0@AAV10@@Z 10001390 f i MapWnd.obj
 0001:00000390       ??$forward@U?$default_delete@VCWnd@@@std@@@std@@YA$$QAU?$default_delete@VCWnd@@@0@AAU10@@Z 10001390 f i MapWnd.obj
 0001:00000390       ??$forward@AAPAVCMapWnd@@@std@@YAAAPAVCMapWnd@@AAPAV1@@Z 10001390 f i libmap.obj
 0001:00000390       ??$forward@U?$default_delete@VCShMemory@@@std@@@std@@YA$$QAU?$default_delete@VCShMemory@@@0@AAU10@@Z 10001390 f i MapWnd.obj
 0001:00000390       ??$addressof@V?$unique_ptr@$$BY0A@DU?$default_delete@$$BY0A@D@std@@@std@@@std@@YAPAV?$unique_ptr@$$BY0A@DU?$default_delete@$$BY0A@D@std@@@0@AAV10@@Z 10001390 f i MapWnd.obj
 0001:00000390       ??$_Voidify_iter@PAV?$unique_ptr@VCAccn@@U?$default_delete@VCAccn@@@std@@@std@@@std@@YAPAXPAV?$unique_ptr@VCAccn@@U?$default_delete@VCAccn@@@std@@@0@@Z 10001390 f i MapWnd.obj
 0001:00000390       ??$forward@U?$default_delete@VCAccn@@@std@@@std@@YA$$QAU?$default_delete@VCAccn@@@0@AAU10@@Z 10001390 f i MapWnd.obj
 0001:00000390       ??$forward@AAPAVCAccn@@@std@@YAAAPAVCAccn@@AAPAV1@@Z 10001390 f i MapWnd.obj
 0001:00000390       ??$forward@AAPAVCWnd@@@std@@YAAAPAVCWnd@@AAPAV1@@Z 10001390 f i MapWnd.obj
 0001:000003a0       ??$make_unique@VCMapWnd@@$$V$0A@@std@@YA?AV?$unique_ptr@VCMapWnd@@U?$default_delete@VCMapWnd@@@std@@@0@XZ 100013a0 f i libmap.obj
 0001:00000430       ??1?$unique_ptr@VCWnd@@U?$default_delete@VCWnd@@@std@@@std@@QAE@XZ 10001430 f i MapWnd.obj
 0001:00000430       ??1?$unique_ptr@VCMapWnd@@U?$default_delete@VCMapWnd@@@std@@@std@@QAE@XZ 10001430 f i libmap.obj
 0001:00000470       ??2CObject@@SGPAXI@Z       10001470 f i libmap.obj
 0001:00000490       ?get@?$unique_ptr@$$BY0A@DU?$default_delete@$$BY0A@D@std@@@std@@QBEPADXZ 10001490 f i MapWnd.obj
 0001:00000490       ??C?$unique_ptr@VCShMemory@@U?$default_delete@VCShMemory@@@std@@@std@@QBEPAVCShMemory@@XZ 10001490 f i MapWnd.obj
 0001:00000490       ?get@?$unique_ptr@VCWnd@@U?$default_delete@VCWnd@@@std@@@std@@QBEPAVCWnd@@XZ 10001490 f i MapWnd.obj
 0001:00000490       ?get@?$unique_ptr@VCAccn@@U?$default_delete@VCAccn@@@std@@@std@@QBEPAVCAccn@@XZ 10001490 f i MapWnd.obj
 0001:00000490       ??C?$unique_ptr@VCWnd@@U?$default_delete@VCWnd@@@std@@@std@@QBEPAVCWnd@@XZ 10001490 f i MapWnd.obj
 0001:00000490       ??C?$unique_ptr@VCMapWnd@@U?$default_delete@VCMapWnd@@@std@@@std@@QBEPAVCMapWnd@@XZ 10001490 f i libmap.obj
 0001:000004a0       ??R?$default_delete@VCMapWnd@@@std@@QBEXPAVCMapWnd@@@Z 100014a0 f i libmap.obj
 0001:000004a0       ??R?$default_delete@VCWnd@@@std@@QBEXPAVCWnd@@@Z 100014a0 f i MapWnd.obj
 0001:000004e0       ?_AfxInitManaged@@YAHXZ    100014e0 f i libmap.obj
 0001:000004f0       ?_Get_first@?$_Compressed_pair@U?$default_delete@VCShMemory@@@std@@PAVCShMemory@@$00@std@@QAEAAU?$default_delete@VCShMemory@@@2@XZ 100014f0 f i MapWnd.obj
 0001:000004f0       ?_Get_first@?$_Compressed_pair@V?$allocator@V?$unique_ptr@VCAccn@@U?$default_delete@VCAccn@@@std@@@std@@@std@@V?$_Vector_val@U?$_Simple_types@V?$unique_ptr@VCAccn@@U?$default_delete@VCAccn@@@std@@@std@@@std@@@2@$00@std@@QBEABV?$allocator@V?$unique_ptr@VCAccn@@U?$default_delete@VCAccn@@@std@@@std@@@2@XZ 100014f0 f i MapWnd.obj
 0001:000004f0       ?_Get_first@?$_Compressed_pair@U?$default_delete@$$BY0A@D@std@@PAD$00@std@@QAEAAU?$default_delete@$$BY0A@D@2@XZ 100014f0 f i MapWnd.obj
 0001:000004f0       ??0CObject@@IAE@XZ         100014f0 f i Remain.obj
 0001:000004f0       ??BCRect@@QAEPAUtagRECT@@XZ 100014f0 f i MapWnd.obj
 0001:000004f0       ?_Get_first@?$_Compressed_pair@U?$default_delete@VCWnd@@@std@@PAVCWnd@@$00@std@@QAEAAU?$default_delete@VCWnd@@@2@XZ 100014f0 f i MapWnd.obj
 0001:000004f0       ?_Get_first@?$_Compressed_pair@U?$default_delete@VCAccn@@@std@@PAVCAccn@@$00@std@@QAEAAU?$default_delete@VCAccn@@@2@XZ 100014f0 f i MapWnd.obj
 0001:000004f0       ?_Get_first@?$_Compressed_pair@U?$default_delete@VCMapWnd@@@std@@PAVCMapWnd@@$00@std@@QAEAAU?$default_delete@VCMapWnd@@@2@XZ 100014f0 f i libmap.obj
 0001:000004f0       ??0?$allocator@V?$unique_ptr@VCAccn@@U?$default_delete@VCAccn@@@std@@@std@@@std@@QAE@XZ 100014f0 f i MapWnd.obj
 0001:000004f0       ?_Get_first@?$_Compressed_pair@V?$allocator@V?$unique_ptr@VCAccn@@U?$default_delete@VCAccn@@@std@@@std@@@std@@V?$_Vector_val@U?$_Simple_types@V?$unique_ptr@VCAccn@@U?$default_delete@VCAccn@@@std@@@std@@@std@@@2@$00@std@@QAEAAV?$allocator@V?$unique_ptr@VCAccn@@U?$default_delete@VCAccn@@@std@@@std@@@2@XZ 100014f0 f i MapWnd.obj
 0001:00000500       ?release@?$unique_ptr@VCMapWnd@@U?$default_delete@VCMapWnd@@@std@@@std@@QAEPAVCMapWnd@@XZ 10001500 f i libmap.obj
 0001:00000500       ?release@?$unique_ptr@VCAccn@@U?$default_delete@VCAccn@@@std@@@std@@QAEPAVCAccn@@XZ 10001500 f i MapWnd.obj
 0001:00000500       ?release@?$unique_ptr@VCWnd@@U?$default_delete@VCWnd@@@std@@@std@@QAEPAVCWnd@@XZ 10001500 f i MapWnd.obj
 0001:00000500       ?release@?$unique_ptr@$$BY0A@DU?$default_delete@$$BY0A@D@std@@@std@@QAEPADXZ 10001500 f i MapWnd.obj
 0001:00000500       ?release@?$unique_ptr@VCShMemory@@U?$default_delete@VCShMemory@@@std@@@std@@QAEPAVCShMemory@@XZ 10001500 f i MapWnd.obj
 0001:00000550       ??0CMapWnd@@QAE@XZ         10001550 f   MapWnd.obj
 0001:00000760       ??1CMapWnd@@UAE@XZ         10001760 f   MapWnd.obj
 0001:000008d0       ?OnPaint@CMapWnd@@IAEXXZ   100018d0 f   MapWnd.obj
 0001:00000970       ?OnEraseBkgnd@CMapWnd@@IAEHPAVCDC@@@Z 10001970 f   MapWnd.obj
 0001:00000990       ?OnDestroy@CMapWnd@@IAEXXZ 10001990 f   MapWnd.obj
 0001:00000a90       ?OnMessage@CMapWnd@@IAEJIJ@Z 10001a90 f   MapWnd.obj
 0001:00001550       ?OnRequestOfCtrl@CMapWnd@@IAEJIJ@Z 10002550 f   MapWnd.obj
 0001:00001b90       ?OnRequestLawCheg@CMapWnd@@IAEJIJ@Z 10002b90 f   MapWnd.obj
 0001:00001cb0       ?OnCloseOfCtrl@CMapWnd@@IAEJIJ@Z 10002cb0 f   MapWnd.obj
 0001:00001f00       ?OnReceiveRemainData@CMapWnd@@IAEJIJ@Z 10002f00 f   MapWnd.obj
 0001:00002810       ?GetThisMessageMap@CMapWnd@@KGPBUAFX_MSGMAP@@XZ 10003810 f   MapWnd.obj
 0001:00002820       ?GetMessageMap@CMapWnd@@MBEPBUAFX_MSGMAP@@XZ 10003820 f   MapWnd.obj
 0001:00002830       ?CreateMap@CMapWnd@@QAEHPAVCWnd@@@Z 10003830 f   MapWnd.obj
 0001:00002af0       ?sendRemainTR@CMapWnd@@AAEXV?$CStringT@DV?$StrTraitMFC_DLL@DV?$ChTraitsCRT@D@ATL@@@@@ATL@@0_N1HNNHHPAUHWND__@@@Z 10003af0 f   MapWnd.obj
 0001:000035f0       ?sendLawCheg@CMapWnd@@AAEXV?$CStringT@DV?$StrTraitMFC_DLL@DV?$ChTraitsCRT@D@ATL@@@@@ATL@@000PAUHWND__@@@Z 100045f0 f   MapWnd.obj
 0001:00003780       ?parsingRemainData@CMapWnd@@AAE?AV?$CStringT@DV?$StrTraitMFC_DLL@DV?$ChTraitsCRT@D@ATL@@@@@ATL@@PADHV23@H@Z 10004780 f   MapWnd.obj
 0001:00004420       ?sendToControl@CMapWnd@@AAEXV?$CStringT@DV?$StrTraitMFC_DLL@DV?$ChTraitsCRT@D@ATL@@@@@ATL@@@Z 10005420 f   MapWnd.obj
 0001:000044e0       ?sendToControl@CMapWnd@@AAEXV?$CStringT@DV?$StrTraitMFC_DLL@DV?$ChTraitsCRT@D@ATL@@@@@ATL@@PAVCAccn@@@Z 100054e0 f   MapWnd.obj
 0001:00004770       ?attachCB@CMapWnd@@AAEXPAUHWND__@@V?$CStringT@DV?$StrTraitMFC_DLL@DV?$ChTraitsCRT@D@ATL@@@@@ATL@@@Z 10005770 f   MapWnd.obj
 0001:000048c0       ?detachCB@CMapWnd@@AAEXV?$CStringT@DV?$StrTraitMFC_DLL@DV?$ChTraitsCRT@D@ATL@@@@@ATL@@00@Z 100058c0 f   MapWnd.obj
 0001:00004ac0       ?sendNContTR@CMapWnd@@AAEXV?$CStringT@DV?$StrTraitMFC_DLL@DV?$ChTraitsCRT@D@ATL@@@@@ATL@@@Z 10005ac0 f   MapWnd.obj
 0001:00004f80       ?parsingNContData@CMapWnd@@AAEXPAD@Z 10005f80 f   MapWnd.obj
 0001:000053e0       ?parsingRTS@CMapWnd@@AAEXV?$CStringT@DV?$StrTraitMFC_DLL@DV?$ChTraitsCRT@D@ATL@@@@@ATL@@@Z 100063e0 f   MapWnd.obj
 0001:00005f50       ?parsingRTSx@CMapWnd@@AAEXPAU_alertR@@@Z 10006f50 f   MapWnd.obj
 0001:00006870       ?parsingNotice@CMapWnd@@AAE?AV?$CStringT@DV?$StrTraitMFC_DLL@DV?$ChTraitsCRT@D@ATL@@@@@ATL@@V23@@Z 10007870 f   MapWnd.obj
 0001:00008790       ?getRemainFee@CMapWnd@@AAEHXZ 10009790 f   MapWnd.obj
 0001:000088a0       ?getKey@CMapWnd@@AAE?AV?$CStringT@DV?$StrTraitMFC_DLL@DV?$ChTraitsCRT@D@ATL@@@@@ATL@@_NV23@111H@Z 100098a0 f   MapWnd.obj
 0001:000089e0       ?ledgerTR@CMapWnd@@AAE?AV?$CStringT@DV?$StrTraitMFC_DLL@DV?$ChTraitsCRT@D@ATL@@@@@ATL@@V23@00@Z 100099e0 f   MapWnd.obj
 0001:00008c60       ?openView@CMapWnd@@AAEHHV?$CStringT@DV?$StrTraitMFC_DLL@DV?$ChTraitsCRT@D@ATL@@@@@ATL@@@Z 10009c60 f   MapWnd.obj
 0001:00008cf0       ?parser@CMapWnd@@AAE?AV?$CStringT@DV?$StrTraitMFC_DLL@DV?$ChTraitsCRT@D@ATL@@@@@ATL@@AAV23@V23@@Z 10009cf0 f   MapWnd.obj
 0001:00008e90       ?getTime@CMapWnd@@AAE?AV?$CStringT@DV?$StrTraitMFC_DLL@DV?$ChTraitsCRT@D@ATL@@@@@ATL@@XZ 10009e90 f   MapWnd.obj
 0001:00008f70       ?variant@CMapWnd@@AAE?AV?$CStringT@DV?$StrTraitMFC_DLL@DV?$ChTraitsCRT@D@ATL@@@@@ATL@@HV23@@Z 10009f70 f   MapWnd.obj
 0001:00009010       ?removeAccn@CMapWnd@@AAEXV?$CStringT@DV?$StrTraitMFC_DLL@DV?$ChTraitsCRT@D@ATL@@@@@ATL@@@Z 1000a010 f   MapWnd.obj
 0001:000090d0       ?removeRemain@CMapWnd@@AAEXPAVCAccn@@@Z 1000a0d0 f   MapWnd.obj
 0001:000091c0       ?LoadCode@CMapWnd@@QAEHXZ  1000a1c0 f   MapWnd.obj
 0001:00009550       ?Set3RDCode@CMapWnd@@QAE_NXZ 1000a550 f   MapWnd.obj
 0001:000095f0       ?Is3RDCode@CMapWnd@@QAE_NV?$CStringT@DV?$StrTraitMFC_DLL@DV?$ChTraitsCRT@D@ATL@@@@@ATL@@@Z 1000a5f0 f   MapWnd.obj
 0001:00009750       ?GetRoot@CMapWnd@@QAE?AV?$CStringT@DV?$StrTraitMFC_DLL@DV?$ChTraitsCRT@D@ATL@@@@@ATL@@XZ 1000a750 f   MapWnd.obj
 0001:000097a0       ?GetUser@CMapWnd@@QAE?AV?$CStringT@DV?$StrTraitMFC_DLL@DV?$ChTraitsCRT@D@ATL@@@@@ATL@@XZ 1000a7a0 f   MapWnd.obj
 0001:000097f0       ?GetName@CMapWnd@@QAE?AV?$CStringT@DV?$StrTraitMFC_DLL@DV?$ChTraitsCRT@D@ATL@@@@@ATL@@XZ 1000a7f0 f   MapWnd.obj
 0001:00009840       ?sendTR@CMapWnd@@QAEHV?$CStringT@DV?$StrTraitMFC_DLL@DV?$ChTraitsCRT@D@ATL@@@@@ATL@@0HH0@Z 1000a840 f   MapWnd.obj
 0001:000099c0       ?GetHandleByKey@CMapWnd@@QAE?AV?$CStringT@DV?$StrTraitMFC_DLL@DV?$ChTraitsCRT@D@ATL@@@@@ATL@@V23@@Z 1000a9c0 f   MapWnd.obj
 0001:00009b60       ?GetNewAccHandleKey@CMapWnd@@QAEHXZ 1000ab60 f   MapWnd.obj
 0001:00009d10       ?GetNewLawHandleKey@CMapWnd@@QAEHXZ 1000ad10 f   MapWnd.obj
 0001:00009ec0       ?RemoveCB@CMapWnd@@AAEXV?$CStringT@DV?$StrTraitMFC_DLL@DV?$ChTraitsCRT@D@ATL@@@@@ATL@@@Z 1000aec0 f   MapWnd.obj
 0001:00009fa0       ?GetRightHwnd@CMapWnd@@AAEPAUHWND__@@V?$CStringT@DV?$StrTraitMFC_DLL@DV?$ChTraitsCRT@D@ATL@@@@@ATL@@@Z 1000afa0 f   MapWnd.obj
 0001:0000a1b0       ?SendLawNotice@CMapWnd@@AAEXV?$CStringT@DV?$StrTraitMFC_DLL@DV?$ChTraitsCRT@D@ATL@@@@@ATL@@@Z 1000b1b0 f   MapWnd.obj
 0001:0000b880       ?GetEncPassword@CMapWnd@@AAE?AV?$CStringT@DV?$StrTraitMFC_DLL@DV?$ChTraitsCRT@D@ATL@@@@@ATL@@V23@@Z 1000c880 f   MapWnd.obj
 0001:0000ba50       ?parseX@@YA?AV?$CStringT@DV?$StrTraitMFC_DLL@DV?$ChTraitsCRT@D@ATL@@@@@ATL@@AAV12@V12@@Z 1000ca50 f   MapWnd.obj
 0001:0000bbf0       ?_httoi@@YAHPBD@Z          1000cbf0 f   MapWnd.obj
 0001:0000be70       ?GetPriceUnit@@YANNV?$CStringT@DV?$StrTraitMFC_DLL@DV?$ChTraitsCRT@D@ATL@@@@@ATL@@_N@Z 1000ce70 f   MapWnd.obj
 0001:0000c010       ?SetComma@@YA?AV?$CStringT@DV?$StrTraitMFC_DLL@DV?$ChTraitsCRT@D@ATL@@@@@ATL@@V12@@Z 1000d010 f   MapWnd.obj
 0001:0000c2c0       ?adjustRect@@YA?AVCRect@@V1@@Z 1000d2c0 f   MapWnd.obj
 0001:0000c340       ?openViewA@@YAHPAVCWnd@@HV?$CStringT@DV?$StrTraitMFC_DLL@DV?$ChTraitsCRT@D@ATL@@@@@ATL@@@Z 1000d340 f   MapWnd.obj
 0001:0000c3c0       ?SendTRA@@YAHPAVCWnd@@V?$CStringT@DV?$StrTraitMFC_DLL@DV?$ChTraitsCRT@D@ATL@@@@@ATL@@E1H1@Z 1000d3c0 f   MapWnd.obj
 0001:0000c550       ?getAxFontA@@YAPAVCFont@@PAVCWnd@@V?$CStringT@DV?$StrTraitMFC_DLL@DV?$ChTraitsCRT@D@ATL@@@@@ATL@@HH@Z 1000d550 f   MapWnd.obj
 0001:0000c610       ?getAxBitmapA@@YAPAVCBitmap@@PAVCWnd@@V?$CStringT@DV?$StrTraitMFC_DLL@DV?$ChTraitsCRT@D@ATL@@@@@ATL@@@Z 1000d610 f   MapWnd.obj
 0001:0000c680       ?getAxPenA@@YAPAVCPen@@PAVCWnd@@KHH@Z 1000d680 f   MapWnd.obj
 0001:0000c6c0       ?getAxBrushA@@YAPAVCBrush@@PAVCWnd@@K@Z 1000d6c0 f   MapWnd.obj
 0001:0000c6e0       ?GetColorA@@YAKPAVCWnd@@H@Z 1000d6e0 f   MapWnd.obj
 0001:0000c710       ?VariantA@@YA?AV?$CStringT@DV?$StrTraitMFC_DLL@DV?$ChTraitsCRT@D@ATL@@@@@ATL@@PAVCWnd@@HV12@@Z 1000d710 f   MapWnd.obj
 0001:0000c810       ?CreateMapObjectA@@YAPAVCWnd@@PAV1@0V?$CStringT@DV?$StrTraitMFC_DLL@DV?$ChTraitsCRT@D@ATL@@@@@ATL@@AAHVCPoint@@@Z 1000d810 f   MapWnd.obj
 0001:0000ca80       ?DeleteMapObjectA@@YAXPAVCWnd@@0H@Z 1000da80 f   MapWnd.obj
 0001:0000cb10       ??$?0$$V@?$_Compressed_pair@U?$default_delete@$$BY0A@D@std@@PAD$00@std@@QAE@U_Zero_then_variadic_args_t@1@@Z 1000db10 f i MapWnd.obj
 0001:0000cb10       ??$?0$$V@?$_Compressed_pair@U?$default_delete@VCWnd@@@std@@PAVCWnd@@$00@std@@QAE@U_Zero_then_variadic_args_t@1@@Z 1000db10 f i MapWnd.obj
 0001:0000cb10       ??$?0$$V@?$_Compressed_pair@U?$default_delete@VCShMemory@@@std@@PAVCShMemory@@$00@std@@QAE@U_Zero_then_variadic_args_t@1@@Z 1000db10 f i MapWnd.obj
 0001:0000cb30       ??$?0$$V@?$_Compressed_pair@V?$allocator@V?$unique_ptr@VCAccn@@U?$default_delete@VCAccn@@@std@@@std@@@std@@V?$_Vector_val@U?$_Simple_types@V?$unique_ptr@VCAccn@@U?$default_delete@VCAccn@@@std@@@std@@@std@@@2@$00@std@@QAE@U_Zero_then_variadic_args_t@1@@Z 1000db30 f i MapWnd.obj
 0001:0000cb50       ??$?0U?$default_delete@VCShMemory@@@std@@$0A@@?$unique_ptr@VCShMemory@@U?$default_delete@VCShMemory@@@std@@@std@@QAE@XZ 1000db50 f i MapWnd.obj
 0001:0000cb50       ??$?0U?$default_delete@$$BY0A@D@std@@$0A@@?$unique_ptr@$$BY0A@DU?$default_delete@$$BY0A@D@std@@@std@@QAE@XZ 1000db50 f i MapWnd.obj
 0001:0000cb80       ??$?0U?$default_delete@VCAccn@@@std@@$0A@@?$unique_ptr@VCAccn@@U?$default_delete@VCAccn@@@std@@@std@@QAE@$$QAV01@@Z 1000db80 f i MapWnd.obj
 0001:0000cbe0       ??$?0U?$default_delete@VCAccn@@@std@@PAVCAccn@@@?$_Compressed_pair@U?$default_delete@VCAccn@@@std@@PAVCAccn@@$00@std@@QAE@U_One_then_variadic_args_t@1@$$QAU?$default_delete@VCAccn@@@1@$$QAPAVCAccn@@@Z 1000dbe0 f i MapWnd.obj
 0001:0000cc10       ??$?0U?$default_delete@VCWnd@@@std@@$0A@@?$unique_ptr@VCWnd@@U?$default_delete@VCWnd@@@std@@@std@@QAE@$$T@Z 1000dc10 f i MapWnd.obj
 0001:0000cc40       ??$?4U?$default_delete@$$BY0A@D@std@@$0A@@?$unique_ptr@$$BY0A@DU?$default_delete@$$BY0A@D@std@@@std@@QAEAAV01@$$QAV01@@Z 1000dc40 f i MapWnd.obj
 0001:0000cc90       ??$?4U?$default_delete@VCShMemory@@@std@@$0A@@?$unique_ptr@VCShMemory@@U?$default_delete@VCShMemory@@@std@@@std@@QAEAAV01@$$QAV01@@Z 1000dc90 f i MapWnd.obj
 0001:0000cce0       ??$?4U?$default_delete@VCWnd@@@std@@$0A@@?$unique_ptr@VCWnd@@U?$default_delete@VCWnd@@@std@@@std@@QAEAAV01@$$QAV01@@Z 1000dce0 f i MapWnd.obj
 0001:0000cd30       ??$?RD$0A@@?$default_delete@$$BY0A@D@std@@QBEXPAD@Z 1000dd30 f i MapWnd.obj
 0001:0000cd60       ??$_Allocate@$07U_Default_allocate_traits@std@@$0A@@std@@YAPAXI@Z 1000dd60 f i MapWnd.obj
 0001:0000cda0       ??$_Allocate_manually_vector_aligned@U_Default_allocate_traits@std@@@std@@YAPAXI@Z 1000dda0 f i MapWnd.obj
 0001:0000ce10       ??$_Deallocate@$07$0A@@std@@YAXPAXI@Z 1000de10 f i MapWnd.obj
 0001:0000ce70       ??$_Destroy_range@V?$allocator@V?$unique_ptr@VCAccn@@U?$default_delete@VCAccn@@@std@@@std@@@std@@@std@@YAXPAV?$unique_ptr@VCAccn@@U?$default_delete@VCAccn@@@std@@@0@QAV10@AAV?$allocator@V?$unique_ptr@VCAccn@@U?$default_delete@VCAccn@@@std@@@std@@@0@@Z 1000de70 f i MapWnd.obj
 0001:0000cee0       ??$_Emplace_back@V?$unique_ptr@VCAccn@@U?$default_delete@VCAccn@@@std@@@std@@@?$_Uninitialized_backout_al@V?$allocator@V?$unique_ptr@VCAccn@@U?$default_delete@VCAccn@@@std@@@std@@@std@@@std@@QAEX$$QAV?$unique_ptr@VCAccn@@U?$default_delete@VCAccn@@@std@@@1@@Z 1000dee0 f i MapWnd.obj
 0001:0000cf40       ??$_Emplace_back_with_unused_capacity@V?$unique_ptr@VCAccn@@U?$default_delete@VCAccn@@@std@@@std@@@?$vector@V?$unique_ptr@VCAccn@@U?$default_delete@VCAccn@@@std@@@std@@V?$allocator@V?$unique_ptr@VCAccn@@U?$default_delete@VCAccn@@@std@@@std@@@2@@std@@AAE?A_T$$QAV?$unique_ptr@VCAccn@@U?$default_delete@VCAccn@@@std@@@1@@Z 1000df40 f i MapWnd.obj
 0001:0000cfd0       ??$_Emplace_reallocate@V?$unique_ptr@VCAccn@@U?$default_delete@VCAccn@@@std@@@std@@@?$vector@V?$unique_ptr@VCAccn@@U?$default_delete@VCAccn@@@std@@@std@@V?$allocator@V?$unique_ptr@VCAccn@@U?$default_delete@VCAccn@@@std@@@std@@@2@@std@@QAEPAV?$unique_ptr@VCAccn@@U?$default_delete@VCAccn@@@std@@@1@QAV21@$$QAV21@@Z 1000dfd0 f i MapWnd.obj
 0001:0000d1b0       ??$_Get_size_of_n@$03@std@@YAII@Z 1000e1b0 f i MapWnd.obj
 0001:0000d1e0       ??$_Get_unwrapped@ABQAV?$unique_ptr@VCAccn@@U?$default_delete@VCAccn@@@std@@@std@@@std@@YA?A_TABQAV?$unique_ptr@VCAccn@@U?$default_delete@VCAccn@@@std@@@0@@Z 1000e1e0 f i MapWnd.obj
 0001:0000d1f0       ??$_Uninitialized_move@PAV?$unique_ptr@VCAccn@@U?$default_delete@VCAccn@@@std@@@std@@V?$allocator@V?$unique_ptr@VCAccn@@U?$default_delete@VCAccn@@@std@@@std@@@2@@std@@YAPAV?$unique_ptr@VCAccn@@U?$default_delete@VCAccn@@@std@@@0@QAV10@0PAV10@AAV?$allocator@V?$unique_ptr@VCAccn@@U?$default_delete@VCAccn@@@std@@@std@@@0@@Z 1000e1f0 f i MapWnd.obj
 0001:0000d2a0       ??$construct@V?$unique_ptr@VCAccn@@U?$default_delete@VCAccn@@@std@@@std@@V12@@?$_Default_allocator_traits@V?$allocator@V?$unique_ptr@VCAccn@@U?$default_delete@VCAccn@@@std@@@std@@@std@@@std@@SAXAAV?$allocator@V?$unique_ptr@VCAccn@@U?$default_delete@VCAccn@@@std@@@std@@@1@QAV?$unique_ptr@VCAccn@@U?$default_delete@VCAccn@@@std@@@1@$$QAV31@@Z 1000e2a0 f i MapWnd.obj
 0001:0000d2e0       ??$destroy@V?$unique_ptr@VCAccn@@U?$default_delete@VCAccn@@@std@@@std@@@?$_Default_allocator_traits@V?$allocator@V?$unique_ptr@VCAccn@@U?$default_delete@VCAccn@@@std@@@std@@@std@@@std@@SAXAAV?$allocator@V?$unique_ptr@VCAccn@@U?$default_delete@VCAccn@@@std@@@std@@@1@QAV?$unique_ptr@VCAccn@@U?$default_delete@VCAccn@@@std@@@1@@Z 1000e2e0 f i MapWnd.obj
 0001:0000d2f0       ??$emplace_back@V?$unique_ptr@VCAccn@@U?$default_delete@VCAccn@@@std@@@std@@@?$vector@V?$unique_ptr@VCAccn@@U?$default_delete@VCAccn@@@std@@@std@@V?$allocator@V?$unique_ptr@VCAccn@@U?$default_delete@VCAccn@@@std@@@std@@@2@@std@@QAE?A_T$$QAV?$unique_ptr@VCAccn@@U?$default_delete@VCAccn@@@std@@@1@@Z 1000e2f0 f i MapWnd.obj
 0001:0000d360       ??$make_unique@$$BY0A@D$0A@@std@@YA?AV?$unique_ptr@$$BY0A@DU?$default_delete@$$BY0A@D@std@@@0@I@Z 1000e360 f i MapWnd.obj
 0001:0000d3d0       ??$make_unique@VCAccn@@$$V$0A@@std@@YA?AV?$unique_ptr@VCAccn@@U?$default_delete@VCAccn@@@std@@@0@XZ 1000e3d0 f i MapWnd.obj
 0001:0000d460       ??$make_unique@VCShMemory@@$$V$0A@@std@@YA?AV?$unique_ptr@VCShMemory@@U?$default_delete@VCShMemory@@@std@@@0@XZ 1000e460 f i MapWnd.obj
 0001:0000d4f0       ??$make_unique@VCWnd@@$$V$0A@@std@@YA?AV?$unique_ptr@VCWnd@@U?$default_delete@VCWnd@@@std@@@0@XZ 1000e4f0 f i MapWnd.obj
 0001:0000d580       ??$min@I@std@@YAABIABI0@Z  1000e580 f i MapWnd.obj
 0001:0000d5b0       ??$reset@PADX@?$unique_ptr@$$BY0A@DU?$default_delete@$$BY0A@D@std@@@std@@QAEXPAD@Z 1000e5b0 f i MapWnd.obj
 0001:0000d5f0       ??0?$_Uninitialized_backout_al@V?$allocator@V?$unique_ptr@VCAccn@@U?$default_delete@VCAccn@@@std@@@std@@@std@@@std@@QAE@PAV?$unique_ptr@VCAccn@@U?$default_delete@VCAccn@@@std@@@1@AAV?$allocator@V?$unique_ptr@VCAccn@@U?$default_delete@VCAccn@@@std@@@std@@@1@@Z 1000e5f0 f i MapWnd.obj
 0001:0000d620       ??0_penR@@QAE@XZ           1000e620 f i MapWnd.obj
 0001:0000d620       ??0?$_Vector_val@U?$_Simple_types@V?$unique_ptr@VCAccn@@U?$default_delete@VCAccn@@@std@@@std@@@std@@@std@@QAE@XZ 1000e620 f i MapWnd.obj
 0001:0000d650       ??0?$vector@V?$unique_ptr@VCAccn@@U?$default_delete@VCAccn@@@std@@@std@@V?$allocator@V?$unique_ptr@VCAccn@@U?$default_delete@VCAccn@@@std@@@std@@@2@@std@@QAE@XZ 1000e650 f i MapWnd.obj
 0001:0000d690       ??0CAccn@@QAE@XZ           1000e690 f i MapWnd.obj
 0001:0000d7a0       ??0CCriticalSection@@QAE@XZ 1000e7a0 f i MapWnd.obj
 0001:0000d820       ??0CRect@@QAE@HHHH@Z       1000e820 f i MapWnd.obj
 0001:0000d860       ??0CRect@@QAE@XZ           1000e860 f i MapWnd.obj
 0001:0000d8a0       ??0CTime@ATL@@QAE@_J@Z     1000e8a0 f i MapWnd.obj
 0001:0000d8c0       ??0_fontR@@QAE@XZ          1000e8c0 f i MapWnd.obj
 0001:0000d900       ??0_ledgerH@@QAE@XZ        1000e900 f i MapWnd.obj
 0001:0000db40       ??0_userTH@@QAE@XZ         1000eb40 f i MapWnd.obj
 0001:0000db70       ??0bad_alloc@std@@AAE@QBD@Z 1000eb70 f i MapWnd.obj
 0001:0000dba0       ??0bad_alloc@std@@QAE@ABV01@@Z 1000eba0 f i MapWnd.obj
 0001:0000dbd0       ??0bad_array_new_length@std@@QAE@ABV01@@Z 1000ebd0 f i MapWnd.obj
 0001:0000dc00       ??0bad_array_new_length@std@@QAE@XZ 1000ec00 f i MapWnd.obj
 0001:0000dc30       ??0exception@std@@QAE@ABV01@@Z 1000ec30 f i MapWnd.obj
 0001:0000dc70       ??0exception@std@@QAE@QBDH@Z 1000ec70 f i MapWnd.obj
 0001:0000dca0       ??1?$_Uninitialized_backout_al@V?$allocator@V?$unique_ptr@VCAccn@@U?$default_delete@VCAccn@@@std@@@std@@@std@@@std@@QAE@XZ 1000eca0 f i MapWnd.obj
 0001:0000dcd0       ??1?$unique_ptr@$$BY0A@DU?$default_delete@$$BY0A@D@std@@@std@@QAE@XZ 1000ecd0 f i MapWnd.obj
 0001:0000dd10       ??1?$unique_ptr@VCAccn@@U?$default_delete@VCAccn@@@std@@@std@@QAE@XZ 1000ed10 f i MapWnd.obj
 0001:0000dd50       ??1?$unique_ptr@VCShMemory@@U?$default_delete@VCShMemory@@@std@@@std@@QAE@XZ 1000ed50 f i MapWnd.obj
 0001:0000dd90       ??1?$vector@V?$unique_ptr@VCAccn@@U?$default_delete@VCAccn@@@std@@@std@@V?$allocator@V?$unique_ptr@VCAccn@@U?$default_delete@VCAccn@@@std@@@std@@@2@@std@@QAE@XZ 1000ed90 f i MapWnd.obj
 0001:0000ddb0       ??1CAccn@@QAE@XZ           1000edb0 f i MapWnd.obj
 0001:0000ddf0       ??1CCriticalSection@@UAE@XZ 1000edf0 f i MapWnd.obj
 0001:0000de20       ??1bad_alloc@std@@UAE@XZ   1000ee20 f i MapWnd.obj
 0001:0000de40       ??1bad_array_new_length@std@@UAE@XZ 1000ee40 f i MapWnd.obj
 0001:0000de60       ??1exception@std@@UAE@XZ   1000ee60 f i MapWnd.obj
 0001:0000de90       ??2@YAPAXIPAX@Z            1000ee90 f i MapWnd.obj
 0001:0000dea0       ??4?$unique_ptr@$$BY0A@DU?$default_delete@$$BY0A@D@std@@@std@@QAEAAV01@$$T@Z 1000eea0 f i MapWnd.obj
 0001:0000dec0       ??8ATL@@YA_NABV?$CStringT@DV?$StrTraitMFC_DLL@DV?$ChTraitsCRT@D@ATL@@@@@0@0@Z 1000eec0 f i MapWnd.obj
 0001:0000df30       ??8ATL@@YA_NABV?$CStringT@DV?$StrTraitMFC_DLL@DV?$ChTraitsCRT@D@ATL@@@@@0@PBD@Z 1000ef30 f i MapWnd.obj
 0001:0000df90       ??9ATL@@YA_NABV?$CStringT@DV?$StrTraitMFC_DLL@DV?$ChTraitsCRT@D@ATL@@@@@0@PBD@Z 1000ef90 f i MapWnd.obj
 0001:0000dff0       ??B?$unique_ptr@$$BY0A@DU?$default_delete@$$BY0A@D@std@@@std@@QBE_NXZ 1000eff0 f i MapWnd.obj
 0001:0000e020       ??HATL@@YA?AV?$CStringT@DV?$StrTraitMFC_DLL@DV?$ChTraitsCRT@D@ATL@@@@@0@ABV10@0@Z 1000f020 f i MapWnd.obj
 0001:0000e0f0       ??HATL@@YA?AV?$CStringT@DV?$StrTraitMFC_DLL@DV?$ChTraitsCRT@D@ATL@@@@@0@ABV10@PBD@Z 1000f0f0 f i MapWnd.obj
 0001:0000e1c0       ??HATL@@YA?AV?$CStringT@DV?$StrTraitMFC_DLL@DV?$ChTraitsCRT@D@ATL@@@@@0@DABV10@@Z 1000f1c0 f i MapWnd.obj
 0001:0000e280       ??HATL@@YA?AV?$CStringT@DV?$StrTraitMFC_DLL@DV?$ChTraitsCRT@D@ATL@@@@@0@PBDABV10@@Z 1000f280 f i MapWnd.obj
 0001:0000e350       ??R?$default_delete@VCAccn@@@std@@QBEXPAVCAccn@@@Z 1000f350 f i MapWnd.obj
 0001:0000e390       ??R?$default_delete@VCShMemory@@@std@@QBEXPAVCShMemory@@@Z 1000f390 f i MapWnd.obj
 0001:0000e3d0       ??_G?$unique_ptr@VCAccn@@U?$default_delete@VCAccn@@@std@@@std@@QAEPAXI@Z 1000f3d0 f i MapWnd.obj
 0001:0000e400       ??_GCAccn@@QAEPAXI@Z       1000f400 f i MapWnd.obj
 0001:0000e430       ??_ECCriticalSection@@UAEPAXI@Z 1000f430 f i MapWnd.obj
 0001:0000e430       ??_GCCriticalSection@@UAEPAXI@Z 1000f430 f i MapWnd.obj
 0001:0000e480       ??_ECMapWnd@@UAEPAXI@Z     1000f480 f i MapWnd.obj
 0001:0000e480       ??_GCMapWnd@@UAEPAXI@Z     1000f480 f i MapWnd.obj
 0001:0000e4d0       ??_Gbad_alloc@std@@UAEPAXI@Z 1000f4d0 f i MapWnd.obj
 0001:0000e4d0       ??_Ebad_alloc@std@@UAEPAXI@Z 1000f4d0 f i MapWnd.obj
 0001:0000e500       ??_Ebad_array_new_length@std@@UAEPAXI@Z 1000f500 f i MapWnd.obj
 0001:0000e500       ??_Gbad_array_new_length@std@@UAEPAXI@Z 1000f500 f i MapWnd.obj
 0001:0000e530       ??_Eexception@std@@UAEPAXI@Z 1000f530 f i MapWnd.obj
 0001:0000e530       ??_Gexception@std@@UAEPAXI@Z 1000f530 f i MapWnd.obj
 0001:0000e560       ?Add@CPtrArray@@QAEHPAX@Z  1000f560 f i MapWnd.obj
 0001:0000e590       ?Add@CStringArray@@QAEHABV?$CStringT@DV?$StrTraitMFC_DLL@DV?$ChTraitsCRT@D@ATL@@@@@ATL@@@Z 1000f590 f i MapWnd.obj
 0001:0000e5c0       ?AtlThrowImpl@ATL@@YGXJ@Z  1000f5c0 f i MapWnd.obj
 0001:0000e5e0       ?BeginModalState@CWnd@@UAEXXZ 1000f5e0 f i MapWnd.obj
 0001:0000e600       ?EndModalState@CWnd@@UAEXXZ 1000f600 f i MapWnd.obj
 0001:0000e620       ?GetAt@CPtrArray@@QBEPAXH@Z 1000f620 f i MapWnd.obj
 0001:0000e650       ?GetAt@CStringArray@@QBEABV?$CStringT@DV?$StrTraitMFC_DLL@DV?$ChTraitsCRT@D@ATL@@@@@ATL@@H@Z 1000f650 f i MapWnd.obj
 0001:0000e680       ?GetClientRect@CWnd@@QBEXPAUtagRECT@@@Z 1000f680 f i MapWnd.obj
 0001:0000e6a0       ?GetCount@CMapStringToPtr@@QBEHXZ 1000f6a0 f i MapWnd.obj
 0001:0000e6c0       ?GetDay@CTime@ATL@@QBEHXZ  1000f6c0 f i MapWnd.obj
 0001:0000e740       ?GetHour@CTime@ATL@@QBEHXZ 1000f740 f i MapWnd.obj
 0001:0000e7c0       ?GetLocalTm@CTime@ATL@@QBEPAUtm@@PAU3@@Z 1000f7c0 f i MapWnd.obj
 0001:0000e860       ?GetMinute@CTime@ATL@@QBEHXZ 1000f860 f i MapWnd.obj
 0001:0000e8e0       ?GetMonth@CTime@ATL@@QBEHXZ 1000f8e0 f i MapWnd.obj
 0001:0000e960       ?GetSecond@CTime@ATL@@QBEHXZ 1000f960 f i MapWnd.obj
 0001:0000e9e0       ?GetSize@CStringArray@@QBEHXZ 1000f9e0 f i MapWnd.obj
 0001:0000e9e0       ?GetSize@CPtrArray@@QBEHXZ 1000f9e0 f i MapWnd.obj
 0001:0000ea00       ?GetStartPosition@CMapStringToString@@QBEPAU__POSITION@@XZ 1000fa00 f i MapWnd.obj
 0001:0000ea00       ?GetStartPosition@CMapStringToPtr@@QBEPAU__POSITION@@XZ 1000fa00 f i MapWnd.obj
 0001:0000ea30       ?GetTickCount@CTime@ATL@@SG?AV12@XZ 1000fa30 f i MapWnd.obj
 0001:0000ea50       ?Init@CCriticalSection@@AAEJXZ 1000fa50 f i MapWnd.obj
 0001:0000ea90       ?Lock@CCriticalSection@@QAEHXZ 1000fa90 f i MapWnd.obj
 0001:0000eab0       ?Lock@CCriticalSection@@UAEHK@Z 1000fab0 f i MapWnd.obj
 0001:0000ead0       ?OffsetRect@CRect@@QAEXHH@Z 1000fad0 f i MapWnd.obj
 0001:0000eaf0       ?OnEraseBkgnd@CWnd@@IAEHPAVCDC@@@Z 1000faf0 f i MapWnd.obj
 0001:0000eb10       ?RemoveAll@CPtrArray@@QAEXXZ 1000fb10 f i MapWnd.obj
 0001:0000eb30       ?RemoveAll@CStringArray@@QAEXXZ 1000fb30 f i MapWnd.obj
 0001:0000eb50       ?SendMessageA@CWnd@@QBEJIIJ@Z 1000fb50 f i MapWnd.obj
 0001:0000eb80       ?SetAt@CMapStringToPtr@@QAEXPBDPAX@Z 1000fb80 f i MapWnd.obj
 0001:0000eba0       ?SetAt@CMapStringToString@@QAEXPBD0@Z 1000fba0 f i MapWnd.obj
 0001:0000ebd0       ?Unlock@CCriticalSection@@UAEHXZ 1000fbd0 f i MapWnd.obj
 0001:0000ebf0       ?Unlock@CSyncObject@@UAEHJPAJ@Z 1000fbf0 f i MapWnd.obj
 0001:0000ec10       ?_Adjust_manually_vector_aligned@std@@YAXAAPAXAAI@Z 1000fc10 f i MapWnd.obj
 0001:0000ec80       ?_Allocate@_Default_allocate_traits@std@@SAPAXI@Z 1000fc80 f i MapWnd.obj
 0001:0000eca0       ?_Calculate_growth@?$vector@V?$unique_ptr@VCAccn@@U?$default_delete@VCAccn@@@std@@@std@@V?$allocator@V?$unique_ptr@VCAccn@@U?$default_delete@VCAccn@@@std@@@std@@@2@@std@@ABEII@Z 1000fca0 f i MapWnd.obj
 0001:0000ed00       ?_Change_array@?$vector@V?$unique_ptr@VCAccn@@U?$default_delete@VCAccn@@@std@@@std@@V?$allocator@V?$unique_ptr@VCAccn@@U?$default_delete@VCAccn@@@std@@@std@@@2@@std@@AAEXQAV?$unique_ptr@VCAccn@@U?$default_delete@VCAccn@@@std@@@2@II@Z 1000fd00 f i MapWnd.obj
 0001:0000edb0       ?_Destroy@?$vector@V?$unique_ptr@VCAccn@@U?$default_delete@VCAccn@@@std@@@std@@V?$allocator@V?$unique_ptr@VCAccn@@U?$default_delete@VCAccn@@@std@@@std@@@2@@std@@AAEXPAV?$unique_ptr@VCAccn@@U?$default_delete@VCAccn@@@std@@@2@0@Z 1000fdb0 f i MapWnd.obj
 0001:0000ede0       ?_Getal@?$vector@V?$unique_ptr@VCAccn@@U?$default_delete@VCAccn@@@std@@@std@@V?$allocator@V?$unique_ptr@VCAccn@@U?$default_delete@VCAccn@@@std@@@std@@@2@@std@@AAEAAV?$allocator@V?$unique_ptr@VCAccn@@U?$default_delete@VCAccn@@@std@@@std@@@2@XZ 1000fde0 f i MapWnd.obj
 0001:0000ede0       ?_Getal@?$vector@V?$unique_ptr@VCAccn@@U?$default_delete@VCAccn@@@std@@@std@@V?$allocator@V?$unique_ptr@VCAccn@@U?$default_delete@VCAccn@@@std@@@std@@@2@@std@@ABEABV?$allocator@V?$unique_ptr@VCAccn@@U?$default_delete@VCAccn@@@std@@@std@@@2@XZ 1000fde0 f i MapWnd.obj
 0001:0000ede0       ?get_deleter@?$unique_ptr@VCAccn@@U?$default_delete@VCAccn@@@std@@@std@@QAEAAU?$default_delete@VCAccn@@@2@XZ 1000fde0 f i MapWnd.obj
 0001:0000ee00       ?_Orphan_range@?$vector@V?$unique_ptr@VCAccn@@U?$default_delete@VCAccn@@@std@@@std@@V?$allocator@V?$unique_ptr@VCAccn@@U?$default_delete@VCAccn@@@std@@@std@@@2@@std@@ABEXPAV?$unique_ptr@VCAccn@@U?$default_delete@VCAccn@@@std@@@2@0@Z 1000fe00 f i MapWnd.obj
 0001:0000ee10       ?_Release@?$_Uninitialized_backout_al@V?$allocator@V?$unique_ptr@VCAccn@@U?$default_delete@VCAccn@@@std@@@std@@@std@@@std@@QAEPAV?$unique_ptr@VCAccn@@U?$default_delete@VCAccn@@@std@@@2@XZ 1000fe10 f i MapWnd.obj
 0001:0000ee30       ?_Throw_bad_array_new_length@std@@YAXXZ 1000fe30 f i MapWnd.obj
 0001:0000ee50       ?_Tidy@?$vector@V?$unique_ptr@VCAccn@@U?$default_delete@VCAccn@@@std@@@std@@V?$allocator@V?$unique_ptr@VCAccn@@U?$default_delete@VCAccn@@@std@@@std@@@2@@std@@AAEXXZ 1000fe50 f i MapWnd.obj
 0001:0000ef20       ?_Umove@?$vector@V?$unique_ptr@VCAccn@@U?$default_delete@VCAccn@@@std@@@std@@V?$allocator@V?$unique_ptr@VCAccn@@U?$default_delete@VCAccn@@@std@@@std@@@2@@std@@AAEPAV?$unique_ptr@VCAccn@@U?$default_delete@VCAccn@@@std@@@2@PAV32@00@Z 1000ff20 f i MapWnd.obj
 0001:0000ef50       ?_Umove_if_noexcept1@?$vector@V?$unique_ptr@VCAccn@@U?$default_delete@VCAccn@@@std@@@std@@V?$allocator@V?$unique_ptr@VCAccn@@U?$default_delete@VCAccn@@@std@@@std@@@2@@std@@AAEXPAV?$unique_ptr@VCAccn@@U?$default_delete@VCAccn@@@std@@@2@00U?$integral_constant@_N$00@2@@Z 1000ff50 f i MapWnd.obj
 0001:0000ef80       ?_Umove_if_noexcept@?$vector@V?$unique_ptr@VCAccn@@U?$default_delete@VCAccn@@@std@@@std@@V?$allocator@V?$unique_ptr@VCAccn@@U?$default_delete@VCAccn@@@std@@@std@@@2@@std@@AAEXPAV?$unique_ptr@VCAccn@@U?$default_delete@VCAccn@@@std@@@2@00@Z 1000ff80 f i MapWnd.obj
 0001:0000efb0       ?_Xlength@?$vector@V?$unique_ptr@VCAccn@@U?$default_delete@VCAccn@@@std@@@std@@V?$allocator@V?$unique_ptr@VCAccn@@U?$default_delete@VCAccn@@@std@@@std@@@2@@std@@CAXXZ 1000ffb0 f i MapWnd.obj
 0001:0000efc0       ?allocate@?$allocator@V?$unique_ptr@VCAccn@@U?$default_delete@VCAccn@@@std@@@std@@@std@@QAEPAV?$unique_ptr@VCAccn@@U?$default_delete@VCAccn@@@std@@@2@I@Z 1000ffc0 f i MapWnd.obj
 0001:0000eff0       ?capacity@?$vector@V?$unique_ptr@VCAccn@@U?$default_delete@VCAccn@@@std@@@std@@V?$allocator@V?$unique_ptr@VCAccn@@U?$default_delete@VCAccn@@@std@@@std@@@2@@std@@QBEIXZ 1000fff0 f i MapWnd.obj
 0001:0000f020       ?deallocate@?$allocator@V?$unique_ptr@VCAccn@@U?$default_delete@VCAccn@@@std@@@std@@@std@@QAEXQAV?$unique_ptr@VCAccn@@U?$default_delete@VCAccn@@@std@@@2@I@Z 10010020 f i MapWnd.obj
 0001:0000f040       ?max@?$numeric_limits@H@std@@SAHXZ 10010040 f i MapWnd.obj
 0001:0000f050       ?max_size@?$_Default_allocator_traits@V?$allocator@V?$unique_ptr@VCAccn@@U?$default_delete@VCAccn@@@std@@@std@@@std@@@std@@SAIABV?$allocator@V?$unique_ptr@VCAccn@@U?$default_delete@VCAccn@@@std@@@std@@@2@@Z 10010050 f i MapWnd.obj
 0001:0000f060       ?max_size@?$vector@V?$unique_ptr@VCAccn@@U?$default_delete@VCAccn@@@std@@@std@@V?$allocator@V?$unique_ptr@VCAccn@@U?$default_delete@VCAccn@@@std@@@std@@@2@@std@@QBEIXZ 10010060 f i MapWnd.obj
 0001:0000f0a0       ?reset@?$unique_ptr@$$BY0A@DU?$default_delete@$$BY0A@D@std@@@std@@QAEX$$T@Z 100100a0 f i MapWnd.obj
 0001:0000f0c0       ?reset@?$unique_ptr@VCShMemory@@U?$default_delete@VCShMemory@@@std@@@std@@QAEXPAVCShMemory@@@Z 100100c0 f i MapWnd.obj
 0001:0000f100       ?reset@?$unique_ptr@VCWnd@@U?$default_delete@VCWnd@@@std@@@std@@QAEXPAVCWnd@@@Z 10010100 f i MapWnd.obj
 0001:0000f140       ?what@exception@std@@UBEPBDXZ 10010140 f i MapWnd.obj
 0001:0000f170       _HRESULT_FROM_WIN32        10010170 f i MapWnd.obj
 0001:0000f1b0       __tcsupr                   100101b0 f i MapWnd.obj
 0001:0000f1d0       ??0CRemain@@QAE@XZ         100101d0 f   Remain.obj
 0001:0000fab0       ??0CRemain@@QAE@PAVCWnd@@@Z 10010ab0 f   Remain.obj
 0001:0000fcd0       ??1CRemain@@UAE@XZ         10010cd0 f   Remain.obj
 0001:0000fe70       ?GetThisMessageMap@CRemain@@KGPBUAFX_MSGMAP@@XZ 10010e70 f   Remain.obj
 0001:0000fe80       ?GetMessageMap@CRemain@@MBEPBUAFX_MSGMAP@@XZ 10010e80 f   Remain.obj
 0001:0000fe90       ?RoundDown@CRemain@@AAENN@Z 10010e90 f   Remain.obj
 0001:0000fed0       ?Round@CRemain@@AAENN@Z    10010ed0 f   Remain.obj
 0001:0000ff00       ?RoundDown2@CRemain@@QAENN@Z 10010f00 f   Remain.obj
 0001:0000ff40       ?TotalData@CRemain@@QAE?AV?$CStringT@DV?$StrTraitMFC_DLL@DV?$ChTraitsCRT@D@ATL@@@@@ATL@@XZ 10010f40 f   Remain.obj
 0001:00010a90       ?ParsingRemainData@CRemain@@QAEXPAD@Z 10011a90 f   Remain.obj
 0001:000123b0       ?ParsingAllaccnData@CRemain@@QAEXV?$CStringT@DV?$StrTraitMFC_DLL@DV?$ChTraitsCRT@D@ATL@@@@@ATL@@@Z 100133b0 f   Remain.obj
 0001:00012940       ?CalRemainData@CRemain@@QAEHAAVCMapStringToString@@V?$CStringT@DV?$StrTraitMFC_DLL@DV?$ChTraitsCRT@D@ATL@@@@@ATL@@_N@Z 10013940 f   Remain.obj
 0001:00013ab0       ?CalPgsonik@CRemain@@QAE_NV?$CStringT@DV?$StrTraitMFC_DLL@DV?$ChTraitsCRT@D@ATL@@@@@ATL@@0H@Z 10014ab0 f   Remain.obj
 0001:00015450       ?FillString@CRemain@@QAEXAAV?$CStringT@DV?$StrTraitMFC_DLL@DV?$ChTraitsCRT@D@ATL@@@@@ATL@@H@Z 10016450 f   Remain.obj
 0001:000154e0       ?getFormatData@CRemain@@AAE?AV?$CStringT@DV?$StrTraitMFC_DLL@DV?$ChTraitsCRT@D@ATL@@@@@ATL@@V23@@Z 100164e0 f   Remain.obj
 0001:000155d0       ?getCredit@CRemain@@AAE?AV?$CStringT@DV?$StrTraitMFC_DLL@DV?$ChTraitsCRT@D@ATL@@@@@ATL@@V23@@Z 100165d0 f   Remain.obj
 0001:000156f0       ?getCreditX@CRemain@@AAE?AV?$CStringT@DV?$StrTraitMFC_DLL@DV?$ChTraitsCRT@D@ATL@@@@@ATL@@V23@@Z 100166f0 f   Remain.obj
 0001:00015810       ?testSaveFile@CRemain@@QAEXV?$CStringT@DV?$StrTraitMFC_DLL@DV?$ChTraitsCRT@D@ATL@@@@@ATL@@@Z 10016810 f   Remain.obj
 0001:00015a10       ??$CompareElements@HH@@YGHPBH0@Z 10016a10 f i Remain.obj
 0001:00015a70       ??$HashKey@H@@YGIH@Z       10016a70 f i Remain.obj
 0001:00015ac0       ??$SerializeElements@H@@YGXAAVCArchive@@PAHH@Z 10016ac0 f i Remain.obj
 0001:00015bc0       ??0?$CMap@HHV?$CStringT@DV?$StrTraitMFC_DLL@DV?$ChTraitsCRT@D@ATL@@@@@ATL@@V12@@@QAE@H@Z 10016bc0 f i Remain.obj
 0001:00015c20       ??0CAssoc@?$CMap@HHV?$CStringT@DV?$StrTraitMFC_DLL@DV?$ChTraitsCRT@D@ATL@@@@@ATL@@V12@@@QAE@H@Z 10016c20 f i Remain.obj
 0001:00015c40       ??0CPair@?$CMap@HHV?$CStringT@DV?$StrTraitMFC_DLL@DV?$ChTraitsCRT@D@ATL@@@@@ATL@@V12@@@IAE@H@Z 10016c40 f i Remain.obj
 0001:00015c70       ??1?$CMap@HHV?$CStringT@DV?$StrTraitMFC_DLL@DV?$ChTraitsCRT@D@ATL@@@@@ATL@@V12@@@UAE@XZ 10016c70 f i Remain.obj
 0001:00015cd0       ??1CAssoc@?$CMap@HHV?$CStringT@DV?$StrTraitMFC_DLL@DV?$ChTraitsCRT@D@ATL@@@@@ATL@@V12@@@QAE@XZ 10016cd0 f i Remain.obj
 0001:00015cf0       ??1CPair@?$CMap@HHV?$CStringT@DV?$StrTraitMFC_DLL@DV?$ChTraitsCRT@D@ATL@@@@@ATL@@V12@@@QAE@XZ 10016cf0 f i Remain.obj
 0001:00015d10       ??A?$CMap@HHV?$CStringT@DV?$StrTraitMFC_DLL@DV?$ChTraitsCRT@D@ATL@@@@@ATL@@V12@@@QAEAAV?$CStringT@DV?$StrTraitMFC_DLL@DV?$ChTraitsCRT@D@ATL@@@@@ATL@@H@Z 10016d10 f i Remain.obj
 0001:00015dd0       ??_G?$CMap@HHV?$CStringT@DV?$StrTraitMFC_DLL@DV?$ChTraitsCRT@D@ATL@@@@@ATL@@V12@@@UAEPAXI@Z 10016dd0 f i Remain.obj
 0001:00015dd0       ??_E?$CMap@HHV?$CStringT@DV?$StrTraitMFC_DLL@DV?$ChTraitsCRT@D@ATL@@@@@ATL@@V12@@@UAEPAXI@Z 10016dd0 f i Remain.obj
 0001:00015e20       ??_ECRemain@@UAEPAXI@Z     10016e20 f i Remain.obj
 0001:00015e20       ??_GCRemain@@UAEPAXI@Z     10016e20 f i Remain.obj
 0001:00015e70       ?EnsureRead@CArchive@@QAEXPAXI@Z 10016e70 f i Remain.obj
 0001:00015eb0       ?GetAssocAt@?$CMap@HHV?$CStringT@DV?$StrTraitMFC_DLL@DV?$ChTraitsCRT@D@ATL@@@@@ATL@@V12@@@IBEPAVCAssoc@1@HAAI0@Z 10016eb0 f i Remain.obj
 0001:00015f40       ?InitHashTable@?$CMap@HHV?$CStringT@DV?$StrTraitMFC_DLL@DV?$ChTraitsCRT@D@ATL@@@@@ATL@@V12@@@QAEXIH@Z 10016f40 f i Remain.obj
 0001:00016000       ?IsStoring@CArchive@@QBEHXZ 10017000 f i Remain.obj
 0001:00016030       ?Lookup@?$CMap@HHV?$CStringT@DV?$StrTraitMFC_DLL@DV?$ChTraitsCRT@D@ATL@@@@@ATL@@V12@@@QBEHHAAV?$CStringT@DV?$StrTraitMFC_DLL@DV?$ChTraitsCRT@D@ATL@@@@@ATL@@@Z 10017030 f i Remain.obj
 0001:00016080       ?NewAssoc@?$CMap@HHV?$CStringT@DV?$StrTraitMFC_DLL@DV?$ChTraitsCRT@D@ATL@@@@@ATL@@V12@@@IAEPAVCAssoc@1@H@Z 10017080 f i Remain.obj
 0001:000161b0       ?RemoveAll@?$CMap@HHV?$CStringT@DV?$StrTraitMFC_DLL@DV?$ChTraitsCRT@D@ATL@@@@@ATL@@V12@@@QAEXXZ 100171b0 f i Remain.obj
 0001:00016260       ?SeekToEnd@CFile@@QAE_KXZ  10017260 f i Remain.obj
 0001:00016290       ?Serialize@?$CMap@HHV?$CStringT@DV?$StrTraitMFC_DLL@DV?$ChTraitsCRT@D@ATL@@@@@ATL@@V12@@@UAEXAAVCArchive@@@Z 10017290 f i Remain.obj
 0001:00016440       ?SetAt@?$CMap@HHV?$CStringT@DV?$StrTraitMFC_DLL@DV?$ChTraitsCRT@D@ATL@@@@@ATL@@V12@@@QAEXHV?$CStringT@DV?$StrTraitMFC_DLL@DV?$ChTraitsCRT@D@ATL@@@@@ATL@@@Z 10017440 f i Remain.obj
 0001:000164b0       ?data@CPlex@@QAEPAXXZ      100174b0 f i Remain.obj
 0001:000164d0       ?parser@CRemain@@AAE?AV?$CStringT@DV?$StrTraitMFC_DLL@DV?$ChTraitsCRT@D@ATL@@@@@ATL@@AAV23@V23@@Z 100174d0 f i Remain.obj
 0001:00016670       ??0CRemainFuture@@QAE@XZ   10017670 f   RemainFuture.obj
 0001:000168f0       ??0CRemainFuture@@QAE@PAVCWnd@@@Z 100178f0 f   RemainFuture.obj
 0001:00016b70       ??1CRemainFuture@@UAE@XZ   10017b70 f   RemainFuture.obj
 0001:00016c70       ?OnDestroy@CRemainFuture@@IAEXXZ 10017c70 f   RemainFuture.obj
 0001:00016c90       ?GetThisMessageMap@CRemainFuture@@KGPBUAFX_MSGMAP@@XZ 10017c90 f   RemainFuture.obj
 0001:00016ca0       ?GetMessageMap@CRemainFuture@@MBEPBUAFX_MSGMAP@@XZ 10017ca0 f   RemainFuture.obj
 0001:00016cb0       ?TotalData@CRemainFuture@@QAE?AV?$CStringT@DV?$StrTraitMFC_DLL@DV?$ChTraitsCRT@D@ATL@@@@@ATL@@XZ 10017cb0 f   RemainFuture.obj
 0001:00017580       ?ParsingRemainData@CRemainFuture@@QAEXPAD@Z 10018580 f   RemainFuture.obj
 0001:00017b30       ?ParsingAllaccnData@CRemainFuture@@QAEXV?$CStringT@DV?$StrTraitMFC_DLL@DV?$ChTraitsCRT@D@ATL@@@@@ATL@@@Z 10018b30 f   RemainFuture.obj
 0001:00017f80       ?CalRemainData@CRemainFuture@@QAEHAAVCMapStringToString@@V?$CStringT@DV?$StrTraitMFC_DLL@DV?$ChTraitsCRT@D@ATL@@@@@ATL@@_N@Z 10018f80 f   RemainFuture.obj
 0001:00018f60       ?CalPgsonik@CRemainFuture@@QAEXXZ 10019f60 f   RemainFuture.obj
 0001:00019670       ?CalPgsonik@CRemainFuture@@QAE_NV?$CStringT@DV?$StrTraitMFC_DLL@DV?$ChTraitsCRT@D@ATL@@@@@ATL@@00@Z 1001a670 f   RemainFuture.obj
 0001:00019890       ?SetNoCont@CRemainFuture@@QAEXV?$CStringT@DV?$StrTraitMFC_DLL@DV?$ChTraitsCRT@D@ATL@@@@@ATL@@H@Z 1001a890 f   RemainFuture.obj
 0001:000199b0       ?GetBaseValue@CRemainFuture@@QAENV?$CStringT@DV?$StrTraitMFC_DLL@DV?$ChTraitsCRT@D@ATL@@@@@ATL@@@Z 1001a9b0 f   RemainFuture.obj
 0001:00019f30       ?getNoCont@CRemainFuture@@AAEHV?$CStringT@DV?$StrTraitMFC_DLL@DV?$ChTraitsCRT@D@ATL@@@@@ATL@@@Z 1001af30 f   RemainFuture.obj
 0001:0001a000       ?parsingNcont@CRemainFuture@@AAEXV?$CStringT@DV?$StrTraitMFC_DLL@DV?$ChTraitsCRT@D@ATL@@@@@ATL@@0H@Z 1001b000 f   RemainFuture.obj
 0001:0001a190       ?getBase@CRemainFuture@@AAEXXZ 1001b190 f   RemainFuture.obj
 0001:0001a440       ?getFormatData@CRemainFuture@@AAE?AV?$CStringT@DV?$StrTraitMFC_DLL@DV?$ChTraitsCRT@D@ATL@@@@@ATL@@V23@@Z 1001b440 f   RemainFuture.obj
 0001:0001a530       ?getJKind@CRemainFuture@@AAEHV?$CStringT@DV?$StrTraitMFC_DLL@DV?$ChTraitsCRT@D@ATL@@@@@ATL@@@Z 1001b530 f   RemainFuture.obj
 0001:0001a930       ?parser@CRemainFuture@@AAE?AV?$CStringT@DV?$StrTraitMFC_DLL@DV?$ChTraitsCRT@D@ATL@@@@@ATL@@AAV23@V23@@Z 1001b930 f   RemainFuture.obj
 0001:0001aad0       ?getString@CRemainFuture@@AAE?AV?$CStringT@DV?$StrTraitMFC_DLL@DV?$ChTraitsCRT@D@ATL@@@@@ATL@@PADH@Z 1001bad0 f   RemainFuture.obj
 0001:0001ab70       ?testSaveFile@CRemainFuture@@QAEXV?$CStringT@DV?$StrTraitMFC_DLL@DV?$ChTraitsCRT@D@ATL@@@@@ATL@@_N@Z 1001bb70 f   RemainFuture.obj
 0001:0001adc0       ??0sfcode@@QAE@XZ          1001bdc0 f i RemainFuture.obj
 0001:0001ae90       ??NATL@@YA_NABV?$CStringT@DV?$StrTraitMFC_DLL@DV?$ChTraitsCRT@D@ATL@@@@@0@PBD@Z 1001be90 f i RemainFuture.obj
 0001:0001aef0       ??OATL@@YA_NABV?$CStringT@DV?$StrTraitMFC_DLL@DV?$ChTraitsCRT@D@ATL@@@@@0@PBD@Z 1001bef0 f i RemainFuture.obj
 0001:0001af50       ??PATL@@YA_NABV?$CStringT@DV?$StrTraitMFC_DLL@DV?$ChTraitsCRT@D@ATL@@@@@0@PBD@Z 1001bf50 f i RemainFuture.obj
 0001:0001afb0       ??_GCRemainFuture@@UAEPAXI@Z 1001bfb0 f i RemainFuture.obj
 0001:0001afb0       ??_ECRemainFuture@@UAEPAXI@Z 1001bfb0 f i RemainFuture.obj
 0001:0001b000       ??0CShMemory@@QAE@XZ       1001c000 f   ShMemory.obj
 0001:0001b060       ??1CShMemory@@UAE@XZ       1001c060 f   ShMemory.obj
 0001:0001b080       ?Close@CShMemory@@QAEXXZ   1001c080 f   ShMemory.obj
 0001:0001b0c0       ?InitSharedMemory@CShMemory@@QAEHPAUHWND__@@@Z 1001c0c0 f   ShMemory.obj
 0001:0001b1c0       ?SendTrigger@CShMemory@@QAEXV?$CStringT@DV?$StrTraitMFC_DLL@DV?$ChTraitsCRT@D@ATL@@@@@ATL@@PAUHWND__@@@Z 1001c1c0 f   ShMemory.obj
 0001:0001b300       ?GetHandle@CShMemory@@QAEPAUHWND__@@H@Z 1001c300 f   ShMemory.obj
 0001:0001b330       ?RemoveHandle@CShMemory@@QAEXPAUHWND__@@@Z 1001c330 f   ShMemory.obj
 0001:0001b3f0       ?AddHandle@CShMemory@@QAEXPAUHWND__@@@Z 1001c3f0 f   ShMemory.obj
 0001:0001b460       ?GetHandleCount@CShMemory@@QAEJXZ 1001c460 f   ShMemory.obj
 0001:0001b480       ??_ECShMemory@@UAEPAXI@Z   1001c480 f i ShMemory.obj
 0001:0001b480       ??_GCShMemory@@UAEPAXI@Z   1001c480 f i ShMemory.obj
 0001:0001b4b0       ?Init@CComCriticalSection@ATL@@QAEJXZ 1001c4b0 f i StdAfx.obj
 0001:0001b520       ?_AtlInitializeCriticalSectionEx@ATL@@YAHPAU_RTL_CRITICAL_SECTION@@KK@Z 1001c520 f i StdAfx.obj
 0001:0001b537       ??3@YAXPAX@Z               1001c537 f   mfc140:mfc140.dll
 0001:0001b53d       ?OnCmdMsg@CCmdTarget@@UAEHIHPAXPAUAFX_CMDHANDLERINFO@@@Z 1001c53d f   mfc140:mfc140.dll
 0001:0001b543       ?OnFinalRelease@CCmdTarget@@UAEXXZ 1001c543 f   mfc140:mfc140.dll
 0001:0001b549       ?IsInvokeAllowed@CCmdTarget@@UAEHJ@Z 1001c549 f   mfc140:mfc140.dll
 0001:0001b54f       ?GetDispatchIID@CCmdTarget@@UAEHPAU_GUID@@@Z 1001c54f f   mfc140:mfc140.dll
 0001:0001b555       ?GetTypeInfoCount@CCmdTarget@@UAEIXZ 1001c555 f   mfc140:mfc140.dll
 0001:0001b55b       ?GetTypeLibCache@CCmdTarget@@UAEPAVCTypeLibCache@@XZ 1001c55b f   mfc140:mfc140.dll
 0001:0001b561       ?GetTypeLib@CCmdTarget@@UAEJKPAPAUITypeLib@@@Z 1001c561 f   mfc140:mfc140.dll
 0001:0001b567       ?GetCommandMap@CCmdTarget@@MBEPBUAFX_OLECMDMAP@@XZ 1001c567 f   mfc140:mfc140.dll
 0001:0001b56d       ?GetDispatchMap@CCmdTarget@@MBEPBUAFX_DISPMAP@@XZ 1001c56d f   mfc140:mfc140.dll
 0001:0001b573       ?GetConnectionMap@CCmdTarget@@MBEPBUAFX_CONNECTIONMAP@@XZ 1001c573 f   mfc140:mfc140.dll
 0001:0001b579       ?GetInterfaceMap@CCmdTarget@@MBEPBUAFX_INTERFACEMAP@@XZ 1001c579 f   mfc140:mfc140.dll
 0001:0001b57f       ?GetEventSinkMap@CCmdTarget@@MBEPBUAFX_EVENTSINKMAP@@XZ 1001c57f f   mfc140:mfc140.dll
 0001:0001b585       ?OnCreateAggregates@CCmdTarget@@UAEHXZ 1001c585 f   mfc140:mfc140.dll
 0001:0001b58b       ?GetInterfaceHook@CCmdTarget@@UAEPAUIUnknown@@PBX@Z 1001c58b f   mfc140:mfc140.dll
 0001:0001b591       ?GetExtraConnectionPoints@CCmdTarget@@MAEHPAVCPtrArray@@@Z 1001c591 f   mfc140:mfc140.dll
 0001:0001b597       ?GetConnectionHook@CCmdTarget@@MAEPAUIConnectionPoint@@ABU_GUID@@@Z 1001c597 f   mfc140:mfc140.dll
 0001:0001b59d       ?PreTranslateMessage@CWinThread@@UAEHPAUtagMSG@@@Z 1001c59d f   mfc140:mfc140.dll
 0001:0001b5a3       ?PumpMessage@CWinThread@@UAEHXZ 1001c5a3 f   mfc140:mfc140.dll
 0001:0001b5a9       ?IsIdleMessage@CWinThread@@UAEHPAUtagMSG@@@Z 1001c5a9 f   mfc140:mfc140.dll
 0001:0001b5af       ?ProcessMessageFilter@CWinThread@@UAEHHPAUtagMSG@@@Z 1001c5af f   mfc140:mfc140.dll
 0001:0001b5b5       ?GetMainWnd@CWinThread@@UAEPAVCWnd@@XZ 1001c5b5 f   mfc140:mfc140.dll
 0001:0001b5bb       ?Delete@CWinThread@@UAEXXZ 1001c5bb f   mfc140:mfc140.dll
 0001:0001b5c1       ?GetRuntimeClass@CWinApp@@UBEPAUCRuntimeClass@@XZ 1001c5c1 f   mfc140:mfc140.dll
 0001:0001b5c7       ??0CWinApp@@QAE@PBD@Z      1001c5c7 f   mfc140:mfc140.dll
 0001:0001b5cd       ?GetProfileIntA@CWinApp@@UAEIPBD0H@Z 1001c5cd f   mfc140:mfc140.dll
 0001:0001b5d3       ?WriteProfileInt@CWinApp@@UAEHPBD0H@Z 1001c5d3 f   mfc140:mfc140.dll
 0001:0001b5d9       ?GetProfileStringA@CWinApp@@UAE?AV?$CStringT@DV?$StrTraitMFC_DLL@DV?$ChTraitsCRT@D@ATL@@@@@ATL@@PBD00@Z 1001c5d9 f   mfc140:mfc140.dll
 0001:0001b5df       ?WriteProfileStringA@CWinApp@@UAEHPBD00@Z 1001c5df f   mfc140:mfc140.dll
 0001:0001b5e5       ?GetProfileBinary@CWinApp@@UAEHPBD0PAPAEPAI@Z 1001c5e5 f   mfc140:mfc140.dll
 0001:0001b5eb       ?WriteProfileBinary@CWinApp@@UAEHPBD0PAEI@Z 1001c5eb f   mfc140:mfc140.dll
 0001:0001b5f1       ?InitLibId@CWinApp@@UAEXXZ 1001c5f1 f   mfc140:mfc140.dll
 0001:0001b5f7       ?Register@CWinApp@@UAEHXZ  1001c5f7 f   mfc140:mfc140.dll
 0001:0001b5fd       ?Unregister@CWinApp@@UAEHXZ 1001c5fd f   mfc140:mfc140.dll
 0001:0001b603       ?OpenDocumentFile@CWinApp@@UAEPAVCDocument@@PBD@Z 1001c603 f   mfc140:mfc140.dll
 0001:0001b609       ?OpenDocumentFile@CWinApp@@UAEPAVCDocument@@PBDH@Z 1001c609 f   mfc140:mfc140.dll
 0001:0001b60f       ?AddToRecentFileList@CWinApp@@UAEXPBD@Z 1001c60f f   mfc140:mfc140.dll
 0001:0001b615       ?InitApplication@CWinApp@@UAEHXZ 1001c615 f   mfc140:mfc140.dll
 0001:0001b61b       ?SaveAllModified@CWinApp@@UAEHXZ 1001c61b f   mfc140:mfc140.dll
 0001:0001b621       ?DoMessageBox@CWinApp@@UAEHPBDII@Z 1001c621 f   mfc140:mfc140.dll
 0001:0001b627       ?DoWaitCursor@CWinApp@@UAEXH@Z 1001c627 f   mfc140:mfc140.dll
 0001:0001b62d       ?OnDDECommand@CWinApp@@UAEHPAD@Z 1001c62d f   mfc140:mfc140.dll
 0001:0001b633       ?WinHelpA@CWinApp@@UAEXKI@Z 1001c633 f   mfc140:mfc140.dll
 0001:0001b639       ?HtmlHelpA@CWinApp@@UAEXKI@Z 1001c639 f   mfc140:mfc140.dll
 0001:0001b63f       ?WinHelpInternal@CWinApp@@UAEXKI@Z 1001c63f f   mfc140:mfc140.dll
 0001:0001b645       ?RegisterWithRestartManager@CWinApp@@UAEJHABV?$CStringT@DV?$StrTraitMFC_DLL@DV?$ChTraitsCRT@D@ATL@@@@@ATL@@@Z 1001c645 f   mfc140:mfc140.dll
 0001:0001b64b       ?RegisterWithRestartManager@CWinApp@@UAEJPB_WKP6GKPAX@Z1KK@Z 1001c64b f   mfc140:mfc140.dll
 0001:0001b651       ?ApplicationRecoveryCallback@CWinApp@@UAEKPAX@Z 1001c651 f   mfc140:mfc140.dll
 0001:0001b657       ?GetDataRecoveryHandler@CWinApp@@UAEPAVCDataRecoveryHandler@@XZ 1001c657 f   mfc140:mfc140.dll
 0001:0001b65d       ?IsTaskbarInteractionEnabled@CWinApp@@UAEHXZ 1001c65d f   mfc140:mfc140.dll
 0001:0001b663       ?InitInstance@CWinApp@@UAEHXZ 1001c663 f   mfc140:mfc140.dll
 0001:0001b669       ?ExitInstance@CWinApp@@UAEHXZ 1001c669 f   mfc140:mfc140.dll
 0001:0001b66f       ?RestartInstance@CWinApp@@UAEHXZ 1001c66f f   mfc140:mfc140.dll
 0001:0001b675       ?Run@CWinApp@@UAEHXZ       1001c675 f   mfc140:mfc140.dll
 0001:0001b67b       ?OnIdle@CWinApp@@UAEHJ@Z   1001c67b f   mfc140:mfc140.dll
 0001:0001b681       ?ProcessWndProcException@CWinApp@@UAEJPAVCException@@PBUtagMSG@@@Z 1001c681 f   mfc140:mfc140.dll
 0001:0001b687       ?LoadAppLangResourceDLL@CWinApp@@UAEPAUHINSTANCE__@@XZ 1001c687 f   mfc140:mfc140.dll
 0001:0001b68d       ??1CWinApp@@UAE@XZ         1001c68d f   mfc140:mfc140.dll
 0001:0001b693       ?GetThisMessageMap@CWinApp@@KGPBUAFX_MSGMAP@@XZ 1001c693 f   mfc140:mfc140.dll
 0001:0001b699       ?LoadSysPolicies@CWinApp@@UAEHXZ 1001c699 f   mfc140:mfc140.dll
 0001:0001b69f       ??2@YAPAXI@Z               1001c69f f   mfc140:mfc140.dll
 0001:0001b6a5       ??0AFX_MAINTAIN_STATE2@@QAE@PAVAFX_MODULE_STATE@@@Z 1001c6a5 f   mfc140:mfc140.dll
 0001:0001b6ab       ??1AFX_MAINTAIN_STATE2@@QAE@XZ 1001c6ab f   mfc140:mfc140.dll
 0001:0001b6b1       ??_U@YAPAXI@Z              1001c6b1 f   mfc140:mfc140.dll
 0001:0001b6b7       ??_V@YAXPAX@Z              1001c6b7 f   mfc140:mfc140.dll
 0001:0001b6bd       ?AfxThrowMemoryException@@YGXXZ 1001c6bd f   mfc140:mfc140.dll
 0001:0001b6c3       ?AfxThrowInvalidArgException@@YGXXZ 1001c6c3 f   mfc140:mfc140.dll
 0001:0001b6c9       ?AfxThrowOleException@@YGXJ@Z 1001c6c9 f   mfc140:mfc140.dll
 0001:0001b6cf       ??0CFile@@QAE@XZ           1001c6cf f   mfc140:mfc140.dll
 0001:0001b6d5       ?Open@CFile@@UAEHPBDIPAVCFileException@@@Z 1001c6d5 f   mfc140:mfc140.dll
 0001:0001b6db       ?GetLength@CFile@@UBE_KXZ  1001c6db f   mfc140:mfc140.dll
 0001:0001b6e1       ?Read@CFile@@UAEIPAXI@Z    1001c6e1 f   mfc140:mfc140.dll
 0001:0001b6e7       ?Close@CFile@@UAEXXZ       1001c6e7 f   mfc140:mfc140.dll
 0001:0001b6ed       ??1CFile@@UAE@XZ           1001c6ed f   mfc140:mfc140.dll
 0001:0001b6f3       ??0CPtrArray@@QAE@XZ       1001c6f3 f   mfc140:mfc140.dll
 0001:0001b6f9       ?SetSize@CPtrArray@@QAEXHH@Z 1001c6f9 f   mfc140:mfc140.dll
 0001:0001b6ff       ?SetAtGrow@CPtrArray@@QAEXHPAX@Z 1001c6ff f   mfc140:mfc140.dll
 0001:0001b705       ??1CPtrArray@@UAE@XZ       1001c705 f   mfc140:mfc140.dll
 0001:0001b70b       ??0CStringArray@@QAE@XZ    1001c70b f   mfc140:mfc140.dll
 0001:0001b711       ?SetSize@CStringArray@@QAEXHH@Z 1001c711 f   mfc140:mfc140.dll
 0001:0001b717       ?SetAtGrow@CStringArray@@QAEXHABV?$CStringT@DV?$StrTraitMFC_DLL@DV?$ChTraitsCRT@D@ATL@@@@@ATL@@@Z 1001c717 f   mfc140:mfc140.dll
 0001:0001b71d       ??1CStringArray@@UAE@XZ    1001c71d f   mfc140:mfc140.dll
 0001:0001b723       ??0CMapStringToPtr@@QAE@H@Z 1001c723 f   mfc140:mfc140.dll
 0001:0001b729       ?Lookup@CMapStringToPtr@@QBEHPBDAAPAX@Z 1001c729 f   mfc140:mfc140.dll
 0001:0001b72f       ??ACMapStringToPtr@@QAEAAPAXPBD@Z 1001c72f f   mfc140:mfc140.dll
 0001:0001b735       ?RemoveKey@CMapStringToPtr@@QAEHPBD@Z 1001c735 f   mfc140:mfc140.dll
 0001:0001b73b       ?RemoveAll@CMapStringToPtr@@QAEXXZ 1001c73b f   mfc140:mfc140.dll
 0001:0001b741       ?GetNextAssoc@CMapStringToPtr@@QBEXAAPAU__POSITION@@AAV?$CStringT@DV?$StrTraitMFC_DLL@DV?$ChTraitsCRT@D@ATL@@@@@ATL@@AAPAX@Z 1001c741 f   mfc140:mfc140.dll
 0001:0001b747       ??1CMapStringToPtr@@UAE@XZ 1001c747 f   mfc140:mfc140.dll
 0001:0001b74d       ??0CMapStringToString@@QAE@H@Z 1001c74d f   mfc140:mfc140.dll
 0001:0001b753       ?Lookup@CMapStringToString@@QBEHPBDAAV?$CStringT@DV?$StrTraitMFC_DLL@DV?$ChTraitsCRT@D@ATL@@@@@ATL@@@Z 1001c753 f   mfc140:mfc140.dll
 0001:0001b759       ??ACMapStringToString@@QAEAAV?$CStringT@DV?$StrTraitMFC_DLL@DV?$ChTraitsCRT@D@ATL@@@@@ATL@@PBD@Z 1001c759 f   mfc140:mfc140.dll
 0001:0001b75f       ?RemoveKey@CMapStringToString@@QAEHPBD@Z 1001c75f f   mfc140:mfc140.dll
 0001:0001b765       ?RemoveAll@CMapStringToString@@QAEXXZ 1001c765 f   mfc140:mfc140.dll
 0001:0001b76b       ?GetNextAssoc@CMapStringToString@@QBEXAAPAU__POSITION@@AAV?$CStringT@DV?$StrTraitMFC_DLL@DV?$ChTraitsCRT@D@ATL@@@@@ATL@@1@Z 1001c76b f   mfc140:mfc140.dll
 0001:0001b771       ??1CMapStringToString@@UAE@XZ 1001c771 f   mfc140:mfc140.dll
 0001:0001b777       ?GetClipBox@CDC@@UBEHPAUtagRECT@@@Z 1001c777 f   mfc140:mfc140.dll
 0001:0001b77d       ?FillSolidRect@CDC@@QAEXPBUtagRECT@@K@Z 1001c77d f   mfc140:mfc140.dll
 0001:0001b783       ??0CPaintDC@@QAE@PAVCWnd@@@Z 1001c783 f   mfc140:mfc140.dll
 0001:0001b789       ??1CPaintDC@@UAE@XZ        1001c789 f   mfc140:mfc140.dll
 0001:0001b78f       ?GetRuntimeClass@CWnd@@UBEPAUCRuntimeClass@@XZ 1001c78f f   mfc140:mfc140.dll
 0001:0001b795       ??0CWnd@@QAE@XZ            1001c795 f   mfc140:mfc140.dll
 0001:0001b79b       ?PreSubclassWindow@CWnd@@UAEXXZ 1001c79b f   mfc140:mfc140.dll
 0001:0001b7a1       ?Create@CWnd@@UAEHPBD0KABUtagRECT@@PAV1@IPAUCCreateContext@@@Z 1001c7a1 f   mfc140:mfc140.dll
 0001:0001b7a7       ?CreateEx@CWnd@@UAEHKPBD0KHHHHPAUHWND__@@PAUHMENU__@@PAX@Z 1001c7a7 f   mfc140:mfc140.dll
 0001:0001b7ad       ?CreateEx@CWnd@@UAEHKPBD0KABUtagRECT@@PAV1@IPAX@Z 1001c7ad f   mfc140:mfc140.dll
 0001:0001b7b3       ?DestroyWindow@CWnd@@UAEHXZ 1001c7b3 f   mfc140:mfc140.dll
 0001:0001b7b9       ?PreCreateWindow@CWnd@@UAEHAAUtagCREATESTRUCTA@@@Z 1001c7b9 f   mfc140:mfc140.dll
 0001:0001b7bf       ?CalcWindowRect@CWnd@@UAEXPAUtagRECT@@I@Z 1001c7bf f   mfc140:mfc140.dll
 0001:0001b7c5       ?GetMenu@CWnd@@UBEPAVCMenu@@XZ 1001c7c5 f   mfc140:mfc140.dll
 0001:0001b7cb       ?SetMenu@CWnd@@UAEHPAVCMenu@@@Z 1001c7cb f   mfc140:mfc140.dll
 0001:0001b7d1       ?SetWindowPos@CWnd@@QAEHPBV1@HHHHI@Z 1001c7d1 f   mfc140:mfc140.dll
 0001:0001b7d7       ?OnToolHitTest@CWnd@@UBEHVCPoint@@PAUtagTOOLINFOA@@@Z 1001c7d7 f   mfc140:mfc140.dll
 0001:0001b7dd       ?GetScrollBarCtrl@CWnd@@UBEPAVCScrollBar@@H@Z 1001c7dd f   mfc140:mfc140.dll
 0001:0001b7e3       ?MessageBoxA@CWnd@@QAEHPBD0I@Z 1001c7e3 f   mfc140:mfc140.dll
 0001:0001b7e9       ?WinHelpA@CWnd@@UAEXKI@Z   1001c7e9 f   mfc140:mfc140.dll
 0001:0001b7ef       ?HtmlHelpA@CWnd@@UAEXKI@Z  1001c7ef f   mfc140:mfc140.dll
 0001:0001b7f5       ?WinHelpInternal@CWnd@@UAEXKI@Z 1001c7f5 f   mfc140:mfc140.dll
 0001:0001b7fb       ?ContinueModal@CWnd@@UAEHXZ 1001c7fb f   mfc140:mfc140.dll
 0001:0001b801       ?EndModalLoop@CWnd@@UAEXH@Z 1001c801 f   mfc140:mfc140.dll
 0001:0001b807       ?OnDrawIconicThumbnailOrLivePreview@CWnd@@UAEXAAVCDC@@VCRect@@VCSize@@HAAH@Z 1001c807 f   mfc140:mfc140.dll
 0001:0001b80d       ?GetInterfaceMap@CWnd@@MBEPBUAFX_INTERFACEMAP@@XZ 1001c80d f   mfc140:mfc140.dll
 0001:0001b813       ?EnsureStdObj@CWnd@@UAEJXZ 1001c813 f   mfc140:mfc140.dll
 0001:0001b819       ?get_accParent@CWnd@@UAEJPAPAUIDispatch@@@Z 1001c819 f   mfc140:mfc140.dll
 0001:0001b81f       ?get_accChildCount@CWnd@@UAEJPAJ@Z 1001c81f f   mfc140:mfc140.dll
 0001:0001b825       ?get_accChild@CWnd@@UAEJUtagVARIANT@@PAPAUIDispatch@@@Z 1001c825 f   mfc140:mfc140.dll
 0001:0001b82b       ?get_accName@CWnd@@UAEJUtagVARIANT@@PAPA_W@Z 1001c82b f   mfc140:mfc140.dll
 0001:0001b831       ?get_accValue@CWnd@@UAEJUtagVARIANT@@PAPA_W@Z 1001c831 f   mfc140:mfc140.dll
 0001:0001b837       ?get_accDescription@CWnd@@UAEJUtagVARIANT@@PAPA_W@Z 1001c837 f   mfc140:mfc140.dll
 0001:0001b83d       ?get_accRole@CWnd@@UAEJUtagVARIANT@@PAU2@@Z 1001c83d f   mfc140:mfc140.dll
 0001:0001b843       ?get_accState@CWnd@@UAEJUtagVARIANT@@PAU2@@Z 1001c843 f   mfc140:mfc140.dll
 0001:0001b849       ?get_accHelp@CWnd@@UAEJUtagVARIANT@@PAPA_W@Z 1001c849 f   mfc140:mfc140.dll
 0001:0001b84f       ?get_accHelpTopic@CWnd@@UAEJPAPA_WUtagVARIANT@@PAJ@Z 1001c84f f   mfc140:mfc140.dll
 0001:0001b855       ?get_accKeyboardShortcut@CWnd@@UAEJUtagVARIANT@@PAPA_W@Z 1001c855 f   mfc140:mfc140.dll
 0001:0001b85b       ?get_accFocus@CWnd@@UAEJPAUtagVARIANT@@@Z 1001c85b f   mfc140:mfc140.dll
 0001:0001b861       ?get_accSelection@CWnd@@UAEJPAUtagVARIANT@@@Z 1001c861 f   mfc140:mfc140.dll
 0001:0001b867       ?get_accDefaultAction@CWnd@@UAEJUtagVARIANT@@PAPA_W@Z 1001c867 f   mfc140:mfc140.dll
 0001:0001b86d       ?accSelect@CWnd@@UAEJJUtagVARIANT@@@Z 1001c86d f   mfc140:mfc140.dll
 0001:0001b873       ?accLocation@CWnd@@UAEJPAJ000UtagVARIANT@@@Z 1001c873 f   mfc140:mfc140.dll
 0001:0001b879       ?accNavigate@CWnd@@UAEJJUtagVARIANT@@PAU2@@Z 1001c879 f   mfc140:mfc140.dll
 0001:0001b87f       ?accHitTest@CWnd@@UAEJJJPAUtagVARIANT@@@Z 1001c87f f   mfc140:mfc140.dll
 0001:0001b885       ?accDoDefaultAction@CWnd@@UAEJUtagVARIANT@@@Z 1001c885 f   mfc140:mfc140.dll
 0001:0001b88b       ?put_accName@CWnd@@UAEJUtagVARIANT@@PA_W@Z 1001c88b f   mfc140:mfc140.dll
 0001:0001b891       ?put_accValue@CWnd@@UAEJUtagVARIANT@@PA_W@Z 1001c891 f   mfc140:mfc140.dll
 0001:0001b897       ?SetProxy@CWnd@@UAEJPAUIAccessibleProxy@@@Z 1001c897 f   mfc140:mfc140.dll
 0001:0001b89d       ?CreateAccessibleProxy@CWnd@@UAEJIJPAJ@Z 1001c89d f   mfc140:mfc140.dll
 0001:0001b8a3       ?OnCommand@CWnd@@MAEHIJ@Z  1001c8a3 f   mfc140:mfc140.dll
 0001:0001b8a9       ?OnNotify@CWnd@@MAEHIJPAJ@Z 1001c8a9 f   mfc140:mfc140.dll
 0001:0001b8af       ?OnDestroy@CWnd@@IAEXXZ    1001c8af f   mfc140:mfc140.dll
 0001:0001b8b5       ?GetSuperWndProcAddr@CWnd@@MAEPAP6GJPAUHWND__@@IIJ@ZXZ 1001c8b5 f   mfc140:mfc140.dll
 0001:0001b8bb       ?PreTranslateMessage@CWnd@@UAEHPAUtagMSG@@@Z 1001c8bb f   mfc140:mfc140.dll
 0001:0001b8c1       ?OnAmbientProperty@CWnd@@UAEHPAVCOleControlSite@@JPAUtagVARIANT@@@Z 1001c8c1 f   mfc140:mfc140.dll
 0001:0001b8c7       ?WindowProc@CWnd@@MAEJIIJ@Z 1001c8c7 f   mfc140:mfc140.dll
 0001:0001b8cd       ?OnWndMsg@CWnd@@MAEHIIJPAJ@Z 1001c8cd f   mfc140:mfc140.dll
 0001:0001b8d3       ?Default@CWnd@@IAEJXZ      1001c8d3 f   mfc140:mfc140.dll
 0001:0001b8d9       ?DefWindowProcA@CWnd@@MAEJIIJ@Z 1001c8d9 f   mfc140:mfc140.dll
 0001:0001b8df       ?PostNcDestroy@CWnd@@MAEXXZ 1001c8df f   mfc140:mfc140.dll
 0001:0001b8e5       ?OnChildNotify@CWnd@@MAEHIIJPAJ@Z 1001c8e5 f   mfc140:mfc140.dll
 0001:0001b8eb       ?OnTouchInputs@CWnd@@MAEHIPAUtagTOUCHINPUT@@@Z 1001c8eb f   mfc140:mfc140.dll
 0001:0001b8f1       ?OnTouchInput@CWnd@@MAEHVCPoint@@HHPAUtagTOUCHINPUT@@@Z 1001c8f1 f   mfc140:mfc140.dll
 0001:0001b8f7       ?GetGestureStatus@CWnd@@MAEKVCPoint@@@Z 1001c8f7 f   mfc140:mfc140.dll
 0001:0001b8fd       ?OnGestureZoom@CWnd@@MAEHVCPoint@@J@Z 1001c8fd f   mfc140:mfc140.dll
 0001:0001b903       ?OnGesturePan@CWnd@@MAEHVCPoint@@0@Z 1001c903 f   mfc140:mfc140.dll
 0001:0001b909       ?OnGestureRotate@CWnd@@MAEHVCPoint@@N@Z 1001c909 f   mfc140:mfc140.dll
 0001:0001b90f       ?OnGestureTwoFingerTap@CWnd@@MAEHVCPoint@@@Z 1001c90f f   mfc140:mfc140.dll
 0001:0001b915       ?OnGesturePressAndTap@CWnd@@MAEHVCPoint@@J@Z 1001c915 f   mfc140:mfc140.dll
 0001:0001b91b       ?ResizeDynamicLayout@CWnd@@MAEXXZ 1001c91b f   mfc140:mfc140.dll
 0001:0001b921       ??1CWnd@@UAE@XZ            1001c921 f   mfc140:mfc140.dll
 0001:0001b927       ?CheckAutoCenter@CWnd@@UAEHXZ 1001c927 f   mfc140:mfc140.dll
 0001:0001b92d       ?IsFrameWnd@CWnd@@UBEHXZ   1001c92d f   mfc140:mfc140.dll
 0001:0001b933       ?OnFinalRelease@CWnd@@UAEXXZ 1001c933 f   mfc140:mfc140.dll
 0001:0001b939       ?CreateControlContainer@CWnd@@MAEHPAPAVCOleControlContainer@@@Z 1001c939 f   mfc140:mfc140.dll
 0001:0001b93f       ?CreateControlSite@CWnd@@MAEHPAVCOleControlContainer@@PAPAVCOleControlSite@@IABU_GUID@@@Z 1001c93f f   mfc140:mfc140.dll
 0001:0001b945       ?SetOccDialogInfo@CWnd@@MAEHPAU_AFX_OCC_DIALOG_INFO@@@Z 1001c945 f   mfc140:mfc140.dll
 0001:0001b94b       ?GetOccDialogInfo@CWnd@@MAEPAU_AFX_OCC_DIALOG_INFO@@XZ 1001c94b f   mfc140:mfc140.dll
 0001:0001b951       ?GetThisMessageMap@CWnd@@KGPBUAFX_MSGMAP@@XZ 1001c951 f   mfc140:mfc140.dll
 0001:0001b957       ??0CSyncObject@@QAE@PBD@Z  1001c957 f   mfc140:mfc140.dll
 0001:0001b95d       ??1CSyncObject@@UAE@XZ     1001c95d f   mfc140:mfc140.dll
 0001:0001b963       ?GetRuntimeClass@CCriticalSection@@UBEPAUCRuntimeClass@@XZ 1001c963 f   mfc140:mfc140.dll
 0001:0001b969       ?AfxThrowArchiveException@@YGXHPBD@Z 1001c969 f   mfc140:mfc140.dll
 0001:0001b96f       ?GetRuntimeClass@CObject@@UBEPAUCRuntimeClass@@XZ 1001c96f f   mfc140:mfc140.dll
 0001:0001b975       ??0CStdioFile@@QAE@XZ      1001c975 f   mfc140:mfc140.dll
 0001:0001b97b       ?WriteString@CStdioFile@@UAEXPBD@Z 1001c97b f   mfc140:mfc140.dll
 0001:0001b981       ??1CStdioFile@@UAE@XZ      1001c981 f   mfc140:mfc140.dll
 0001:0001b987       ?Open@CStdioFile@@UAEHPBDIPAVCFileException@@@Z 1001c987 f   mfc140:mfc140.dll
 0001:0001b98d       ?Write@CStdioFile@@UAEXPBXI@Z 1001c98d f   mfc140:mfc140.dll
 0001:0001b993       ?Close@CStdioFile@@UAEXXZ  1001c993 f   mfc140:mfc140.dll
 0001:0001b999       ?Read@CArchive@@QAEIPAXI@Z 1001c999 f   mfc140:mfc140.dll
 0001:0001b99f       ?Write@CArchive@@QAEXPBXI@Z 1001c99f f   mfc140:mfc140.dll
 0001:0001b9a5       ?ReadCount@CArchive@@QAEKXZ 1001c9a5 f   mfc140:mfc140.dll
 0001:0001b9ab       ?WriteCount@CArchive@@QAEXK@Z 1001c9ab f   mfc140:mfc140.dll
 0001:0001b9b1       ?Create@CPlex@@SGPAU1@AAPAU1@II@Z 1001c9b1 f   mfc140:mfc140.dll
 0001:0001b9b7       ?FreeDataChain@CPlex@@QAEXXZ 1001c9b7 f   mfc140:mfc140.dll
 0001:0001b9bd       ??$SerializeElements@V?$CStringT@DV?$StrTraitMFC_DLL@DV?$ChTraitsCRT@D@ATL@@@@@ATL@@@@YGXAAVCArchive@@PAV?$CStringT@DV?$StrTraitMFC_DLL@DV?$ChTraitsCRT@D@ATL@@@@@ATL@@H@Z 1001c9bd f   mfc140:mfc140.dll
 0001:0001b9c3       ?AfxMessageBox@@YGHPBDII@Z 1001c9c3 f   mfc140:mfc140.dll
 0001:0001b9c9       _RawDllMain@12             1001c9c9 f   mfcs140:dllmodul.obj
 0001:0001ba1c       ??_E_AFX_DLL_MODULE_STATE@@UAEPAXI@Z 1001ca1c f i mfcs140:dllmodul.obj
 0001:0001ba1c       ??_G_AFX_DLL_MODULE_STATE@@UAEPAXI@Z 1001ca1c f i mfcs140:dllmodul.obj
 0001:0001ba4f       ?AfxGetStaticModuleState@@YGPAVAFX_MODULE_STATE@@XZ 1001ca4f f   mfcs140:dllmodul.obj
 0001:0001ba55       ?AfxWndProcDllStatic@@YGJPAUHWND__@@IIJ@Z 1001ca55 f   mfcs140:dllmodul.obj
 0001:0001ba9c       _DllMain@12                1001ca9c f   mfcs140:dllmodul.obj
 0001:0001bae5       _InternalDllMain@12        1001cae5 f   mfcs140:dllmodul.obj
 0001:0001bc6b       ?AfxGetApp@@YGPAVCWinApp@@XZ 1001cc6b f i mfcs140:dllmodulx.obj
 0001:0001bcb8       ___scrt_acquire_startup_lock 1001ccb8 f   msvcrt:utility.obj
 0001:0001bcea       ___scrt_dllmain_after_initialize_c 1001ccea f   msvcrt:utility.obj
 0001:0001bd15       ___scrt_dllmain_before_initialize_c 1001cd15 f   msvcrt:utility.obj
 0001:0001bd23       ___scrt_dllmain_crt_thread_attach 1001cd23 f   msvcrt:utility.obj
 0001:0001bd42       ___scrt_dllmain_crt_thread_detach 1001cd42 f   msvcrt:utility.obj
 0001:0001bd4f       ___scrt_dllmain_exception_filter 1001cd4f f   msvcrt:utility.obj
 0001:0001bd83       ___scrt_dllmain_uninitialize_c 1001cd83 f   msvcrt:utility.obj
 0001:0001bda6       ___scrt_dllmain_uninitialize_critical 1001cda6 f   msvcrt:utility.obj
 0001:0001bdb3       ___scrt_initialize_crt     1001cdb3 f   msvcrt:utility.obj
 0001:0001bdec       ___scrt_initialize_onexit_tables 1001cdec f   msvcrt:utility.obj
 0001:0001be73       ___scrt_is_nonwritable_in_current_image 1001ce73 f   msvcrt:utility.obj
 0001:0001bf07       ___scrt_release_startup_lock 1001cf07 f   msvcrt:utility.obj
 0001:0001bf24       ___scrt_uninitialize_crt   1001cf24 f   msvcrt:utility.obj
 0001:0001bf4c       __onexit                   1001cf4c f   msvcrt:utility.obj
 0001:0001bf79       _atexit                    1001cf79 f   msvcrt:utility.obj
 0001:0001bf8e       ??_Gtype_info@@UAEPAXI@Z   1001cf8e f i msvcrt:std_type_info_static.obj
 0001:0001bf8e       ??_Etype_info@@UAEPAXI@Z   1001cf8e f i msvcrt:std_type_info_static.obj
 0001:0001bfb1       @__security_check_cookie@4 1001cfb1 f   msvcrt:secchk.obj
 0001:0001bfbf       ??3@YAXPAXI@Z              1001cfbf f   msvcrt:delete_scalar_size.obj
 0001:0001bfcd       ??_L@YGXPAXIIP6EX0@Z1@Z    1001cfcd f   msvcrt:ehvecctr.obj
 0001:0001c041       ??_M@YGXPAXIIP6EX0@Z@Z     1001d041 f   msvcrt:ehvecdtr.obj
 0001:0001c0c6       ?__ArrayUnwind@@YGXPAXIIP6EX0@Z@Z 1001d0c6 f   msvcrt:ehvecdtr.obj
 0001:0001c160       __aulldiv                  1001d160 f   msvcrt:ulldiv.obj
 0001:0001c5cd       __DllMainCRTStartup@12     1001d5cd f   msvcrt:dll_dllmain.obj
 0001:0001c5f0       __EH_epilog3               1001d5f0 f   msvcrt:ehprolg3.obj
 0001:0001c604       __EH_prolog3               1001d604 f   msvcrt:ehprolg3.obj
 0001:0001c637       __EH_prolog3_catch         1001d637 f   msvcrt:ehprolg3.obj
 0001:0001c670       __SEH_prolog4              1001d670 f   msvcrt:sehprolg4.obj
 0001:0001c6c0       __except_handler4          1001d6c0 f   msvcrt:chandler4gs.obj
 0001:0001c6ef       @_guard_check_icall_nop@4  1001d6ef f i msvcrt:guard_support.obj
 0001:0001c6f2       ___isa_available_init      1001d6f2 f   msvcrt:cpu_disp.obj
 0001:0001c8c3       __get_startup_argv_mode    1001d8c3 f   msvcrt:argv_mode.obj
 0001:0001c8c7       ___scrt_is_ucrt_dll_in_use 1001d8c7 f   msvcrt:ucrt_detection.obj
 0001:0001c8d3       ___scrt_fastfail           1001d8d3 f   msvcrt:utility_desktop.obj
 0001:0001c9ee       __crt_debugger_hook        1001d9ee f   msvcrt:utility_desktop.obj
 0001:0001c9f6       ___raise_securityfailure   1001d9f6 f   msvcrt:gs_report.obj
 0001:0001ca1e       ___report_gsfailure        1001da1e f   msvcrt:gs_report.obj
 0001:0001cb65       ___security_init_cookie    1001db65 f   msvcrt:gs_support.obj
 0001:0001cbb0       ?__scrt_initialize_type_info@@YAXXZ 1001dbb0 f   msvcrt:tncleanup.obj
 0001:0001cbbc       ?__scrt_uninitialize_type_info@@YAXXZ 1001dbbc f   msvcrt:tncleanup.obj
 0001:0001cbc8       ___local_stdio_printf_options 1001dbc8 f i msvcrt:default_local_stdio_options.obj
 0001:0001cbce       ___local_stdio_scanf_options 1001dbce f i msvcrt:default_local_stdio_options.obj
 0001:0001cbd4       ___scrt_initialize_default_local_stdio_options 1001dbd4 f   msvcrt:default_local_stdio_options.obj
 0001:0001cbf1       ___scrt_get_dyn_tls_init_callback 1001dbf1 f   msvcrt:dyn_tls_init.obj
 0001:0001cbf7       __RTC_Initialize           1001dbf7 f   msvcrt:initsect.obj
 0001:0001cc23       __RTC_Terminate            1001dc23 f   msvcrt:initsect.obj
 0001:0001cc4f       ??0CAtlBaseModule@ATL@@QAE@XZ 1001dc4f f   atls:atlbase.obj
 0001:0001cca2       ??0_ATL_BASE_MODULE70@ATL@@QAE@XZ 1001dca2 f i atls:atlbase.obj
 0001:0001ccc5       ??1CAtlBaseModule@ATL@@QAE@XZ 1001dcc5 f   atls:atlbase.obj
 0001:0001ccdb       ?RemoveAll@?$CSimpleArray@PAUHINSTANCE__@@V?$CSimpleArrayEqualHelper@PAUHINSTANCE__@@@ATL@@@ATL@@QAEXXZ 1001dcdb f i atls:atlbase.obj
 0001:0001ccf8       ?_Xlength_error@std@@YAXPBD@Z 1001dcf8 f   msvcprt:MSVCP140.dll
 0001:0001ccfe       ___CxxFrameHandler3        1001dcfe f   vcruntime:VCRUNTIME140.dll
 0001:0001cd04       _memcpy                    1001dd04 f   vcruntime:VCRUNTIME140.dll
 0001:0001cd0a       _memset                    1001dd0a f   vcruntime:VCRUNTIME140.dll
 0001:0001cd10       ___std_exception_copy      1001dd10 f   vcruntime:VCRUNTIME140.dll
 0001:0001cd16       ___std_exception_destroy   1001dd16 f   vcruntime:VCRUNTIME140.dll
 0001:0001cd1c       __CxxThrowException@8      1001dd1c f   vcruntime:VCRUNTIME140.dll
 0001:0001cd22       ___current_exception       1001dd22 f   vcruntime:VCRUNTIME140.dll
 0001:0001cd28       ___current_exception_context 1001dd28 f   vcruntime:VCRUNTIME140.dll
 0001:0001cd2e       __except_handler4_common   1001dd2e f   vcruntime:VCRUNTIME140.dll
 0001:0001cd34       ___std_type_info_destroy_list 1001dd34 f   vcruntime:VCRUNTIME140.dll
 0001:0001cd3a       _strcpy                    1001dd3a f   ucrt:api-ms-win-crt-string-l1-1-0.dll
 0001:0001cd40       _strlen                    1001dd40 f   ucrt:api-ms-win-crt-string-l1-1-0.dll
 0001:0001cd46       _fabs                      1001dd46 f   ucrt:api-ms-win-crt-math-l1-1-0.dll
 0001:0001cd4c       _free                      1001dd4c f   ucrt:api-ms-win-crt-heap-l1-1-0.dll
 0001:0001cd52       __seh_filter_dll           1001dd52 f   ucrt:api-ms-win-crt-runtime-l1-1-0.dll
 0001:0001cd58       __configure_narrow_argv    1001dd58 f   ucrt:api-ms-win-crt-runtime-l1-1-0.dll
 0001:0001cd5e       __initialize_narrow_environment 1001dd5e f   ucrt:api-ms-win-crt-runtime-l1-1-0.dll
 0001:0001cd64       __initialize_onexit_table  1001dd64 f   ucrt:api-ms-win-crt-runtime-l1-1-0.dll
 0001:0001cd6a       __register_onexit_function 1001dd6a f   ucrt:api-ms-win-crt-runtime-l1-1-0.dll
 0001:0001cd70       __execute_onexit_table     1001dd70 f   ucrt:api-ms-win-crt-runtime-l1-1-0.dll
 0001:0001cd76       __crt_atexit               1001dd76 f   ucrt:api-ms-win-crt-runtime-l1-1-0.dll
 0001:0001cd7c       __cexit                    1001dd7c f   ucrt:api-ms-win-crt-runtime-l1-1-0.dll
 0001:0001cd82       _terminate                 1001dd82 f   ucrt:api-ms-win-crt-runtime-l1-1-0.dll
 0001:0001cd88       __initterm                 1001dd88 f   ucrt:api-ms-win-crt-runtime-l1-1-0.dll
 0001:0001cd8e       __initterm_e               1001dd8e f   ucrt:api-ms-win-crt-runtime-l1-1-0.dll
 0001:0001cd94       ?Delete@CException@@QAEXXZ 1001dd94 f   mfc140:mfc140.dll
 0001:0001cd9a       ??3CNoTrackObject@@SGXPAX@Z 1001dd9a f   mfc140:mfc140.dll
 0001:0001cda0       ??0AFX_MODULE_STATE@@QAE@HP6GJPAUHWND__@@IIJ@ZKH@Z 1001dda0 f   mfc140:mfc140.dll
 0001:0001cda6       ??1AFX_MODULE_STATE@@UAE@XZ 1001dda6 f   mfc140:mfc140.dll
 0001:0001cdac       ?AfxSetModuleState@@YGPAVAFX_MODULE_STATE@@PAV1@@Z 1001ddac f   mfc140:mfc140.dll
 0001:0001cdb2       ?AfxGetModuleState@@YGPAVAFX_MODULE_STATE@@XZ 1001ddb2 f   mfc140:mfc140.dll
 0001:0001cdb8       ?AfxWinInit@@YGHPAUHINSTANCE__@@0PADH@Z 1001ddb8 f   mfc140:mfc140.dll
 0001:0001cdbe       ?AfxWndProc@@YGJPAUHWND__@@IIJ@Z 1001ddbe f   mfc140:mfc140.dll
 0001:0001cdc4       ?AfxTermThread@@YGXPAUHINSTANCE__@@@Z 1001ddc4 f   mfc140:mfc140.dll
 0001:0001cdca       ?AfxWinTerm@@YGXXZ         1001ddca f   mfc140:mfc140.dll
 0001:0001cdd0       ??0CDynLinkLibrary@@QAE@AAUAFX_EXTENSION_MODULE@@H@Z 1001ddd0 f   mfc140:mfc140.dll
 0001:0001cdd6       ?AfxInitExtensionModule@@YGHAAUAFX_EXTENSION_MODULE@@PAUHINSTANCE__@@@Z 1001ddd6 f   mfc140:mfc140.dll
[...]
 0002:00003be8       __unwindtable$?sendLawCheg@CMapWnd@@AAEXV?$CStringT@DV?$StrTraitMFC_DLL@DV?$ChTraitsCRT@D@ATL@@@@@ATL@@000PAUHWND__@@@Z 10025be8     MapWnd.obj
 0002:00003c20       __unwindtable$?OnRequestLawCheg@CMapWnd@@IAEJIJ@Z 10025c20     MapWnd.obj
 0002:00003c58       __unwindtable$?SetComma@@YA?AV?$CStringT@DV?$StrTraitMFC_DLL@DV?$ChTraitsCRT@D@ATL@@@@@ATL@@V12@@Z 10025c58     MapWnd.obj
 0002:00003c98       __unwindtable$?sendToControl@CMapWnd@@AAEXV?$CStringT@DV?$StrTraitMFC_DLL@DV?$ChTraitsCRT@D@ATL@@@@@ATL@@PAVCAccn@@@Z 10025c98     MapWnd.obj
 0002:00003ce8       __unwindtable$?parsingNContData@CMapWnd@@AAEXPAD@Z 10025ce8     MapWnd.obj
 0002:00003d40       __unwindtable$?sendNContTR@CMapWnd@@AAEXV?$CStringT@DV?$StrTraitMFC_DLL@DV?$ChTraitsCRT@D@ATL@@@@@ATL@@@Z 10025d40     MapWnd.obj
 0002:00003da0       __unwindtable$??0CMapWnd@@QAE@XZ 10025da0     MapWnd.obj
 0002:00003e20       __unwindtable$?OnMessage@CMapWnd@@IAEJIJ@Z 10025e20     MapWnd.obj
 0002:00003eb8       __unwindtable$?OnRequestOfCtrl@CMapWnd@@IAEJIJ@Z 10025eb8     MapWnd.obj
 0002:00003f58       __unwindtable$?parsingRTSx@CMapWnd@@AAEXPAU_alertR@@@Z 10025f58     MapWnd.obj
 0002:00004010       __unwindtable$?sendRemainTR@CMapWnd@@AAEXV?$CStringT@DV?$StrTraitMFC_DLL@DV?$ChTraitsCRT@D@ATL@@@@@ATL@@0_N1HNNHHPAUHWND__@@@Z 10026010     MapWnd.obj
 0002:000040d0       __unwindtable$?parsingRemainData@CMapWnd@@AAE?AV?$CStringT@DV?$StrTraitMFC_DLL@DV?$ChTraitsCRT@D@ATL@@@@@ATL@@PADHV23@H@Z 100260d0     MapWnd.obj
 0002:00004198       __unwindtable$?OnReceiveRemainData@CMapWnd@@IAEJIJ@Z 10026198     MapWnd.obj
 0002:00004260       __unwindtable$?parsingRTS@CMapWnd@@AAEXV?$CStringT@DV?$StrTraitMFC_DLL@DV?$ChTraitsCRT@D@ATL@@@@@ATL@@@Z 10026260     MapWnd.obj
 0002:00004348       __unwindtable$?SendLawNotice@CMapWnd@@AAEXV?$CStringT@DV?$StrTraitMFC_DLL@DV?$ChTraitsCRT@D@ATL@@@@@ATL@@@Z 10026348     MapWnd.obj
 0002:00004470       __unwindtable$?parsingNotice@CMapWnd@@AAE?AV?$CStringT@DV?$StrTraitMFC_DLL@DV?$ChTraitsCRT@D@ATL@@@@@ATL@@V23@@Z 10026470     MapWnd.obj
 0002:00004620       __unwindtable$??$make_unique@VCAccn@@$$V$0A@@std@@YA?AV?$unique_ptr@VCAccn@@U?$default_delete@VCAccn@@@std@@@0@XZ 10026620     MapWnd.obj
 0002:00004628       __ehfuncinfo$??$make_unique@VCAccn@@$$V$0A@@std@@YA?AV?$unique_ptr@VCAccn@@U?$default_delete@VCAccn@@@std@@@0@XZ 10026628     MapWnd.obj
 0002:0000464c       __catchsym$??$_Emplace_reallocate@V?$unique_ptr@VCAccn@@U?$default_delete@VCAccn@@@std@@@std@@@?$vector@V?$unique_ptr@VCAccn@@U?$default_delete@VCAccn@@@std@@@std@@V?$allocator@V?$unique_ptr@VCAccn@@U?$default_delete@VCAccn@@@std@@@std@@@2@@std@@QAEPAV?$unique_ptr@VCAccn@@U?$default_delete@VCAccn@@@std@@@1@QAV21@$$QAV21@@Z$2 1002664c     MapWnd.obj
 0002:0000465c       __unwindtable$??$_Emplace_reallocate@V?$unique_ptr@VCAccn@@U?$default_delete@VCAccn@@@std@@@std@@@?$vector@V?$unique_ptr@VCAccn@@U?$default_delete@VCAccn@@@std@@@std@@V?$allocator@V?$unique_ptr@VCAccn@@U?$default_delete@VCAccn@@@std@@@std@@@2@@std@@QAEPAV?$unique_ptr@VCAccn@@U?$default_delete@VCAccn@@@std@@@1@QAV21@$$QAV21@@Z 1002665c     MapWnd.obj
 0002:0000466c       __tryblocktable$??$_Emplace_reallocate@V?$unique_ptr@VCAccn@@U?$default_delete@VCAccn@@@std@@@std@@@?$vector@V?$unique_ptr@VCAccn@@U?$default_delete@VCAccn@@@std@@@std@@V?$allocator@V?$unique_ptr@VCAccn@@U?$default_delete@VCAccn@@@std@@@std@@@2@@std@@QAEPAV?$unique_ptr@VCAccn@@U?$default_delete@VCAccn@@@std@@@1@QAV21@$$QAV21@@Z 1002666c     MapWnd.obj
 0002:00004680       __ehfuncinfo$??$_Emplace_reallocate@V?$unique_ptr@VCAccn@@U?$default_delete@VCAccn@@@std@@@std@@@?$vector@V?$unique_ptr@VCAccn@@U?$default_delete@VCAccn@@@std@@@std@@V?$allocator@V?$unique_ptr@VCAccn@@U?$default_delete@VCAccn@@@std@@@std@@@2@@std@@QAEPAV?$unique_ptr@VCAccn@@U?$default_delete@VCAccn@@@std@@@1@QAV21@$$QAV21@@Z 10026680     MapWnd.obj
 0002:000046a4       __unwindtable$??$make_unique@VCShMemory@@$$V$0A@@std@@YA?AV?$unique_ptr@VCShMemory@@U?$default_delete@VCShMemory@@@std@@@0@XZ 100266a4     MapWnd.obj
 0002:000046ac       __ehfuncinfo$??$make_unique@VCShMemory@@$$V$0A@@std@@YA?AV?$unique_ptr@VCShMemory@@U?$default_delete@VCShMemory@@@std@@@0@XZ 100266ac     MapWnd.obj
 0002:000046d0       __unwindtable$??$_Uninitialized_move@PAV?$unique_ptr@VCAccn@@U?$default_delete@VCAccn@@@std@@@std@@V?$allocator@V?$unique_ptr@VCAccn@@U?$default_delete@VCAccn@@@std@@@std@@@2@@std@@YAPAV?$unique_ptr@VCAccn@@U?$default_delete@VCAccn@@@std@@@0@QAV10@0PAV10@AAV?$allocator@V?$unique_ptr@VCAccn@@U?$default_delete@VCAccn@@@std@@@std@@@0@@Z 100266d0     MapWnd.obj
 0002:000046d8       __ehfuncinfo$??$_Uninitialized_move@PAV?$unique_ptr@VCAccn@@U?$default_delete@VCAccn@@@std@@@std@@V?$allocator@V?$unique_ptr@VCAccn@@U?$default_delete@VCAccn@@@std@@@std@@@2@@std@@YAPAV?$unique_ptr@VCAccn@@U?$default_delete@VCAccn@@@std@@@0@QAV10@0PAV10@AAV?$allocator@V?$unique_ptr@VCAccn@@U?$default_delete@VCAccn@@@std@@@std@@@0@@Z 100266d8     MapWnd.obj
 0002:00004770       __unwindtable$?FillString@CRemain@@QAEXAAV?$CStringT@DV?$StrTraitMFC_DLL@DV?$ChTraitsCRT@D@ATL@@@@@ATL@@H@Z 10026770     Remain.obj
 0002:00004778       __unwindtable$?getCreditX@CRemain@@AAE?AV?$CStringT@DV?$StrTraitMFC_DLL@DV?$ChTraitsCRT@D@ATL@@@@@ATL@@V23@@Z 10026778     Remain.obj
 0002:00004788       __unwindtable$?getCredit@CRemain@@AAE?AV?$CStringT@DV?$StrTraitMFC_DLL@DV?$ChTraitsCRT@D@ATL@@@@@ATL@@V23@@Z 10026788     Remain.obj
 0002:00004798       __unwindtable$?getFormatData@CRemain@@AAE?AV?$CStringT@DV?$StrTraitMFC_DLL@DV?$ChTraitsCRT@D@ATL@@@@@ATL@@V23@@Z 10026798     Remain.obj
 0002:000047b0       __ehfuncinfo$?testSaveFile@CRemain@@QAEXV?$CStringT@DV?$StrTraitMFC_DLL@DV?$ChTraitsCRT@D@ATL@@@@@ATL@@@Z 100267b0     Remain.obj
 0002:000047d4       __ehfuncinfo$?getCreditX@CRemain@@AAE?AV?$CStringT@DV?$StrTraitMFC_DLL@DV?$ChTraitsCRT@D@ATL@@@@@ATL@@V23@@Z 100267d4     Remain.obj
 0002:000047f8       __ehfuncinfo$?getCredit@CRemain@@AAE?AV?$CStringT@DV?$StrTraitMFC_DLL@DV?$ChTraitsCRT@D@ATL@@@@@ATL@@V23@@Z 100267f8     Remain.obj
 0002:0000481c       __ehfuncinfo$?getFormatData@CRemain@@AAE?AV?$CStringT@DV?$StrTraitMFC_DLL@DV?$ChTraitsCRT@D@ATL@@@@@ATL@@V23@@Z 1002681c     Remain.obj
 0002:00004840       __ehfuncinfo$?FillString@CRemain@@QAEXAAV?$CStringT@DV?$StrTraitMFC_DLL@DV?$ChTraitsCRT@D@ATL@@@@@ATL@@H@Z 10026840     Remain.obj
 0002:00004864       __ehfuncinfo$?CalPgsonik@CRemain@@QAE_NV?$CStringT@DV?$StrTraitMFC_DLL@DV?$ChTraitsCRT@D@ATL@@@@@ATL@@0H@Z 10026864     Remain.obj
 0002:00004888       __ehfuncinfo$?CalRemainData@CRemain@@QAEHAAVCMapStringToString@@V?$CStringT@DV?$StrTraitMFC_DLL@DV?$ChTraitsCRT@D@ATL@@@@@ATL@@_N@Z 10026888     Remain.obj
 0002:000048ac       __ehfuncinfo$?ParsingAllaccnData@CRemain@@QAEXV?$CStringT@DV?$StrTraitMFC_DLL@DV?$ChTraitsCRT@D@ATL@@@@@ATL@@@Z 100268ac     Remain.obj
 0002:000048d0       __ehfuncinfo$?ParsingRemainData@CRemain@@QAEXPAD@Z 100268d0     Remain.obj
 0002:000048f4       __ehfuncinfo$?TotalData@CRemain@@QAE?AV?$CStringT@DV?$StrTraitMFC_DLL@DV?$ChTraitsCRT@D@ATL@@@@@ATL@@XZ 100268f4     Remain.obj
 0002:00004918       __ehfuncinfo$??1CRemain@@UAE@XZ 10026918     Remain.obj
 0002:0000493c       __ehfuncinfo$??0CRemain@@QAE@PAVCWnd@@@Z 1002693c     Remain.obj
 0002:00004960       __ehfuncinfo$??0CRemain@@QAE@XZ 10026960     Remain.obj
 0002:00004984       __unwindtable$?testSaveFile@CRemain@@QAEXV?$CStringT@DV?$StrTraitMFC_DLL@DV?$ChTraitsCRT@D@ATL@@@@@ATL@@@Z 10026984     Remain.obj
 0002:000049b4       __unwindtable$?CalPgsonik@CRemain@@QAE_NV?$CStringT@DV?$StrTraitMFC_DLL@DV?$ChTraitsCRT@D@ATL@@@@@ATL@@0H@Z 100269b4     Remain.obj
 0002:00004a14       __unwindtable$?ParsingAllaccnData@CRemain@@QAEXV?$CStringT@DV?$StrTraitMFC_DLL@DV?$ChTraitsCRT@D@ATL@@@@@ATL@@@Z 10026a14     Remain.obj
 0002:00004a8c       __unwindtable$?CalRemainData@CRemain@@QAEHAAVCMapStringToString@@V?$CStringT@DV?$StrTraitMFC_DLL@DV?$ChTraitsCRT@D@ATL@@@@@ATL@@_N@Z 10026a8c     Remain.obj
 0002:00004b0c       __unwindtable$?ParsingRemainData@CRemain@@QAEXPAD@Z 10026b0c     Remain.obj
 0002:00004bbc       __unwindtable$??0CRemain@@QAE@PAVCWnd@@@Z 10026bbc     Remain.obj
 0002:00004c6c       __unwindtable$??0CRemain@@QAE@XZ 10026c6c     Remain.obj
 0002:00004d34       __unwindtable$?TotalData@CRemain@@QAE?AV?$CStringT@DV?$StrTraitMFC_DLL@DV?$ChTraitsCRT@D@ATL@@@@@ATL@@XZ 10026d34     Remain.obj
 0002:00004e8c       __unwindtable$?SetAt@?$CMap@HHV?$CStringT@DV?$StrTraitMFC_DLL@DV?$ChTraitsCRT@D@ATL@@@@@ATL@@V12@@@QAEXHV?$CStringT@DV?$StrTraitMFC_DLL@DV?$ChTraitsCRT@D@ATL@@@@@ATL@@@Z 10026e8c     Remain.obj
 0002:00004e94       __ehfuncinfo$?SetAt@?$CMap@HHV?$CStringT@DV?$StrTraitMFC_DLL@DV?$ChTraitsCRT@D@ATL@@@@@ATL@@V12@@@QAEXHV?$CStringT@DV?$StrTraitMFC_DLL@DV?$ChTraitsCRT@D@ATL@@@@@ATL@@@Z 10026e94     Remain.obj
 0002:00004eb8       __unwindtable$?Serialize@?$CMap@HHV?$CStringT@DV?$StrTraitMFC_DLL@DV?$ChTraitsCRT@D@ATL@@@@@ATL@@V12@@@UAEXAAVCArchive@@@Z 10026eb8     Remain.obj
 0002:00004ec0       __ehfuncinfo$?Serialize@?$CMap@HHV?$CStringT@DV?$StrTraitMFC_DLL@DV?$ChTraitsCRT@D@ATL@@@@@ATL@@V12@@@UAEXAAVCArchive@@@Z 10026ec0     Remain.obj
 0002:00004ee4       __unwindtable$?parser@CRemain@@AAE?AV?$CStringT@DV?$StrTraitMFC_DLL@DV?$ChTraitsCRT@D@ATL@@@@@ATL@@AAV23@V23@@Z 10026ee4     Remain.obj
 0002:00004f04       __ehfuncinfo$?parser@CRemain@@AAE?AV?$CStringT@DV?$StrTraitMFC_DLL@DV?$ChTraitsCRT@D@ATL@@@@@ATL@@AAV23@V23@@Z 10026f04     Remain.obj
 0002:00004f28       __unwindtable$?getString@CRemainFuture@@AAE?AV?$CStringT@DV?$StrTraitMFC_DLL@DV?$ChTraitsCRT@D@ATL@@@@@ATL@@PADH@Z 10026f28     RemainFuture.obj
 0002:00004f30       __unwindtable$?getJKind@CRemainFuture@@AAEHV?$CStringT@DV?$StrTraitMFC_DLL@DV?$ChTraitsCRT@D@ATL@@@@@ATL@@@Z 10026f30     RemainFuture.obj
 0002:00004f38       __unwindtable$?getBase@CRemainFuture@@AAEXXZ 10026f38     RemainFuture.obj
 0002:00004f48       __unwindtable$?getNoCont@CRemainFuture@@AAEHV?$CStringT@DV?$StrTraitMFC_DLL@DV?$ChTraitsCRT@D@ATL@@@@@ATL@@@Z 10026f48     RemainFuture.obj
 0002:00004f58       __unwindtable$?SetNoCont@CRemainFuture@@QAEXV?$CStringT@DV?$StrTraitMFC_DLL@DV?$ChTraitsCRT@D@ATL@@@@@ATL@@H@Z 10026f58     RemainFuture.obj
 0002:00004f68       __unwindtable$?getFormatData@CRemainFuture@@AAE?AV?$CStringT@DV?$StrTraitMFC_DLL@DV?$ChTraitsCRT@D@ATL@@@@@ATL@@V23@@Z 10026f68     RemainFuture.obj
 0002:00004f80       __unwindtable$?parsingNcont@CRemainFuture@@AAEXV?$CStringT@DV?$StrTraitMFC_DLL@DV?$ChTraitsCRT@D@ATL@@@@@ATL@@0H@Z 10026f80     RemainFuture.obj
 0002:00004f98       __unwindtable$?parser@CRemainFuture@@AAE?AV?$CStringT@DV?$StrTraitMFC_DLL@DV?$ChTraitsCRT@D@ATL@@@@@ATL@@AAV23@V23@@Z 10026f98     RemainFuture.obj
 0002:00004fb8       __unwindtable$?CalPgsonik@CRemainFuture@@QAE_NV?$CStringT@DV?$StrTraitMFC_DLL@DV?$ChTraitsCRT@D@ATL@@@@@ATL@@00@Z 10026fb8     RemainFuture.obj
 0002:00004fd8       __ehfuncinfo$?testSaveFile@CRemainFuture@@QAEXV?$CStringT@DV?$StrTraitMFC_DLL@DV?$ChTraitsCRT@D@ATL@@@@@ATL@@_N@Z 10026fd8     RemainFuture.obj
 0002:00004ffc       __ehfuncinfo$?getString@CRemainFuture@@AAE?AV?$CStringT@DV?$StrTraitMFC_DLL@DV?$ChTraitsCRT@D@ATL@@@@@ATL@@PADH@Z 10026ffc     RemainFuture.obj
 0002:00005020       __ehfuncinfo$?parser@CRemainFuture@@AAE?AV?$CStringT@DV?$StrTraitMFC_DLL@DV?$ChTraitsCRT@D@ATL@@@@@ATL@@AAV23@V23@@Z 10027020     RemainFuture.obj
 0002:00005044       __ehfuncinfo$?getJKind@CRemainFuture@@AAEHV?$CStringT@DV?$StrTraitMFC_DLL@DV?$ChTraitsCRT@D@ATL@@@@@ATL@@@Z 10027044     RemainFuture.obj
 0002:00005068       __ehfuncinfo$?getFormatData@CRemainFuture@@AAE?AV?$CStringT@DV?$StrTraitMFC_DLL@DV?$ChTraitsCRT@D@ATL@@@@@ATL@@V23@@Z 10027068     RemainFuture.obj
 0002:0000508c       __ehfuncinfo$?getBase@CRemainFuture@@AAEXXZ 1002708c     RemainFuture.obj
 0002:000050b0       __ehfuncinfo$?parsingNcont@CRemainFuture@@AAEXV?$CStringT@DV?$StrTraitMFC_DLL@DV?$ChTraitsCRT@D@ATL@@@@@ATL@@0H@Z 100270b0     RemainFuture.obj
 0002:000050d4       __ehfuncinfo$?getNoCont@CRemainFuture@@AAEHV?$CStringT@DV?$StrTraitMFC_DLL@DV?$ChTraitsCRT@D@ATL@@@@@ATL@@@Z 100270d4     RemainFuture.obj
 0002:000050f8       __ehfuncinfo$?GetBaseValue@CRemainFuture@@QAENV?$CStringT@DV?$StrTraitMFC_DLL@DV?$ChTraitsCRT@D@ATL@@@@@ATL@@@Z 100270f8     RemainFuture.obj
 0002:0000511c       __ehfuncinfo$?SetNoCont@CRemainFuture@@QAEXV?$CStringT@DV?$StrTraitMFC_DLL@DV?$ChTraitsCRT@D@ATL@@@@@ATL@@H@Z 1002711c     RemainFuture.obj
 0002:00005140       __ehfuncinfo$?CalPgsonik@CRemainFuture@@QAE_NV?$CStringT@DV?$StrTraitMFC_DLL@DV?$ChTraitsCRT@D@ATL@@@@@ATL@@00@Z 10027140     RemainFuture.obj
 0002:00005164       __ehfuncinfo$?CalPgsonik@CRemainFuture@@QAEXXZ 10027164     RemainFuture.obj
 0002:00005188       __ehfuncinfo$?CalRemainData@CRemainFuture@@QAEHAAVCMapStringToString@@V?$CStringT@DV?$StrTraitMFC_DLL@DV?$ChTraitsCRT@D@ATL@@@@@ATL@@_N@Z 10027188     RemainFuture.obj
 0002:000051ac       __ehfuncinfo$?ParsingAllaccnData@CRemainFuture@@QAEXV?$CStringT@DV?$StrTraitMFC_DLL@DV?$ChTraitsCRT@D@ATL@@@@@ATL@@@Z 100271ac     RemainFuture.obj
 0002:000051d0       __ehfuncinfo$?ParsingRemainData@CRemainFuture@@QAEXPAD@Z 100271d0     RemainFuture.obj
 0002:000051f4       __ehfuncinfo$?TotalData@CRemainFuture@@QAE?AV?$CStringT@DV?$StrTraitMFC_DLL@DV?$ChTraitsCRT@D@ATL@@@@@ATL@@XZ 100271f4     RemainFuture.obj
 0002:00005218       __ehfuncinfo$??0CRemainFuture@@QAE@PAVCWnd@@@Z 10027218     RemainFuture.obj
 0002:0000523c       __ehfuncinfo$??0CRemainFuture@@QAE@XZ 1002723c     RemainFuture.obj
 0002:00005260       __unwindtable$?CalPgsonik@CRemainFuture@@QAEXXZ 10027260     RemainFuture.obj
 0002:00005290       __unwindtable$?testSaveFile@CRemainFuture@@QAEXV?$CStringT@DV?$StrTraitMFC_DLL@DV?$ChTraitsCRT@D@ATL@@@@@ATL@@_N@Z 10027290     RemainFuture.obj
 0002:000052d0       __unwindtable$?CalRemainData@CRemainFuture@@QAEHAAVCMapStringToString@@V?$CStringT@DV?$StrTraitMFC_DLL@DV?$ChTraitsCRT@D@ATL@@@@@ATL@@_N@Z 100272d0     RemainFuture.obj
 0002:00005320       __unwindtable$?ParsingAllaccnData@CRemainFuture@@QAEXV?$CStringT@DV?$StrTraitMFC_DLL@DV?$ChTraitsCRT@D@ATL@@@@@ATL@@@Z 10027320     RemainFuture.obj
 0002:00005388       __unwindtable$?ParsingRemainData@CRemainFuture@@QAEXPAD@Z 10027388     RemainFuture.obj
 0002:000053f0       __unwindtable$?GetBaseValue@CRemainFuture@@QAENV?$CStringT@DV?$StrTraitMFC_DLL@DV?$ChTraitsCRT@D@ATL@@@@@ATL@@@Z 100273f0     RemainFuture.obj
 0002:00005460       __unwindtable$??0CRemainFuture@@QAE@PAVCWnd@@@Z 10027460     RemainFuture.obj
 0002:000054e0       __unwindtable$??0CRemainFuture@@QAE@XZ 100274e0     RemainFuture.obj
 0002:00005560       __unwindtable$?TotalData@CRemainFuture@@QAE?AV?$CStringT@DV?$StrTraitMFC_DLL@DV?$ChTraitsCRT@D@ATL@@@@@ATL@@XZ 10027560     RemainFuture.obj
 0002:00005720       __unwindtable$?SendTrigger@CShMemory@@QAEXV?$CStringT@DV?$StrTraitMFC_DLL@DV?$ChTraitsCRT@D@ATL@@@@@ATL@@PAUHWND__@@@Z 10027720     ShMemory.obj
 0002:00005730       __ehfuncinfo$?SendTrigger@CShMemory@@QAEXV?$CStringT@DV?$StrTraitMFC_DLL@DV?$ChTraitsCRT@D@ATL@@@@@ATL@@PAUHWND__@@@Z 10027730     ShMemory.obj
 0002:00005754       __unwindtable$?AfxWndProcDllStatic@@YGJPAUHWND__@@IIJ@Z 10027754     mfcs140:dllmodul.obj
 0002:0000575c       __ehfuncinfo$?AfxWndProcDllStatic@@YGJPAUHWND__@@IIJ@Z 1002775c     mfcs140:dllmodul.obj
 0002:00005780       __catchsym$_InternalDllMain@12$7 10027780     mfcs140:dllmodul.obj
 0002:00005790       __tryblocktable$_InternalDllMain@12 10027790     mfcs140:dllmodul.obj
 0002:000057a4       __unwindtable$_InternalDllMain@12 100277a4     mfcs140:dllmodul.obj
 0002:000057c4       __ehfuncinfo$_InternalDllMain@12 100277c4     mfcs140:dllmodul.obj
 0002:000057e8       __sehtable$___scrt_is_nonwritable_in_current_image 100277e8     msvcrt:utility.obj
 0002:00005808       __sehtable$??_L@YGXPAXIIP6EX0@Z1@Z 10027808     msvcrt:ehvecctr.obj
 0002:00005828       __sehtable$??_M@YGXPAXIIP6EX0@Z@Z 10027828     msvcrt:ehvecdtr.obj
 0002:00005848       __sehtable$?__ArrayUnwind@@YGXPAXIIP6EX0@Z@Z 10027848     msvcrt:ehvecdtr.obj
 0002:00005868       __sehtable$?dllmain_crt_process_attach@@YAHQAUHINSTANCE__@@QAX@Z 10027868     msvcrt:dll_dllmain.obj
 0002:00005888       __sehtable$?dllmain_crt_process_detach@@YAH_N@Z 10027888     msvcrt:dll_dllmain.obj
 0002:000058b0       __sehtable$?dllmain_dispatch@@YAHQAUHINSTANCE__@@KQAX@Z 100278b0     msvcrt:dll_dllmain.obj
 0002:000058d0       __sehtable$__IsNonwritableInCurrentImage 100278d0     mfcs140:rawdllmainproxy.obj
 0002:000058f0       .edata                     100278f0     IBXXXX00.exp
 0002:00005918       rgpv                       10027918     IBXXXX00.exp
 0002:0000591c       rgszName                   1002791c     IBXXXX00.exp
 0002:00005920       rgwOrd                     10027920     IBXXXX00.exp
 0002:00005922       szName                     10027922     IBXXXX00.exp
 0002:0000592f       $N00001                    1002792f     IBXXXX00.exp
 0002:00005f8c       .idata$6                   10027f8c     mfc140:mfc140.dll
 0002:00006252       .idata$6                   10028252     kernel32:KERNEL32.dll
 0002:000062cc       .idata$6                   100282cc     user32:USER32.dll
 0002:000062f8       .idata$6                   100282f8     msvcprt:MSVCP140.dll
 0002:000063e6       .idata$6                   100283e6     vcruntime:VCRUNTIME140.dll
 0002:00006578       .idata$6                   10028578     ucrt:api-ms-win-crt-runtime-l1-1-0.dll
 0002:0000659a       .idata$6                   1002859a     ucrt:api-ms-win-crt-string-l1-1-0.dll
 0002:000065bc       .idata$6                   100285bc     ucrt:api-ms-win-crt-multibyte-l1-1-0.dll
 0002:000065e0       .idata$6                   100285e0     ucrt:api-ms-win-crt-convert-l1-1-0.dll
 0002:00006602       .idata$6                   10028602     ucrt:api-ms-win-crt-time-l1-1-0.dll
 0002:00006622       .idata$6                   10028622     ucrt:api-ms-win-crt-utility-l1-1-0.dll
 0002:00006644       .idata$6                   10028644     ucrt:api-ms-win-crt-math-l1-1-0.dll
 0002:00006664       .idata$6                   10028664     ucrt:api-ms-win-crt-heap-l1-1-0.dll
 0003:0000039c       ?controlDLL@@3UAFX_EXTENSION_MODULE@@A 1002939c     mfcs140:dllmodul.obj
 0003:000003b0       ?afxModuleState@@3V_AFX_DLL_MODULE_STATE@@A 100293b0     mfcs140:dllmodul.obj
 0003:0000044c       ?pafxModuleStatePrev@@3PAVAFX_MODULE_STATE@@A 1002944c     mfcs140:dllmodul.obj
 0003:00000460       ?is_initialized_as_dll@@3_NA 10029460     msvcrt:utility.obj
 0003:00000461       ?module_local_atexit_table_initialized@@3_NA 10029461     msvcrt:utility.obj
 0003:00000464       ?module_local_atexit_table@@3U_onexit_table_t@@A 10029464     msvcrt:utility.obj
 0003:00000470       ?module_local_at_quick_exit_table@@3U_onexit_table_t@@A 10029470     msvcrt:utility.obj
 0003:0000047c       ?g_tss_cv@@3U_RTL_CONDITION_VARIABLE@@A 1002947c     msvcrt:thread_safe_statics.obj
 0003:00000480       ?g_tss_event@@3PAXA        10029480     msvcrt:thread_safe_statics.obj
 0003:00000484       ?g_tss_mutex@@3U_RTL_CRITICAL_SECTION@@A 10029484     msvcrt:thread_safe_statics.obj
 0003:0000049c       ?g_sleep_condition_variable_cs@@3P6GHPAU_RTL_CONDITION_VARIABLE@@PAU_RTL_CRITICAL_SECTION@@K@ZA 1002949c     msvcrt:thread_safe_statics.obj
 0003:000004a0       ?g_wake_all_condition_variable@@3P6GXPAU_RTL_CONDITION_VARIABLE@@@ZA 100294a0     msvcrt:thread_safe_statics.obj
 0003:000004a8       ?__proc_attached@@3HA      100294a8     msvcrt:dll_dllmain.obj
 0003:000004c0       _GS_ExceptionRecord        100294c0     msvcrt:gs_report.obj
 0003:00000510       _GS_ContextRecord          10029510     msvcrt:gs_report.obj
 0004:000000a0       $R000000                   1002a0a0     IBXXXX02.res
 0004:000003d8       $R000338                   1002a3d8     IBXXXX02.res

 Exports

  ordinal    name

        1    ?axCreate@@YGPAVCWnd@@PAV1@@Z (class CWnd * __stdcall axCreate(class CWnd *))
               exported name: axCreate
